= R4

= Q17

= 

= C16

= R16

= 

= E5

= MoveNum: 1 HASH: 38E71B648B5DE3A43B414F57C285AD76
   A B C D E F G H J
 9 . . . . . . . . .
 8 . . . . . . . . .
 7 . . . . . . . . .
 6 . . . . . . . . .
 5 . . . . X . . . .
 4 . . . . . . . . .
 3 . . . . . . . . .
 2 . . . . . . . . .
 1 . . . . . . . . .
Next player: White
Rules: {"hasButton":false,"ko":"POSITIONAL","komi":7.5,"scoring":"AREA","suicide":true,"tax":"NONE","whiteHandicapBonus":"0"}
B stones captured: 0
W stones captured: 0

