KataGo v1.8.2
Using TrompTaylor rules initially, unless GTP/GUI overrides this
Loaded config configs/gtp_example.cfg and/or command-line and query overrides
Loaded model tests/models/g170-b6c96-s175395328-d26788732.bin.gz
Model name: g170-b6c96-s175395328-d26788732
GTP ready, beginning main protocol loop
Changed rules to Chinese
MoveNum: 0 HASH: 534D5F4EAEDAD476890520B7CAD26FA0
   A B C D E F G
 7 . . . O X X .
 6 . O . O O X .
 5 . X O O X . .
 4 . O O . X . .
 3 . X O X X O X
 2 O O X X . X .
 1 . X @ . . . .

koSIMPLEscoreAREAtaxNONEsui0whbNfpok1komi5
Time taken: ###
Root visits: 100
New playouts: 100
NN rows: 48
NN batches: 48
NN avg batch size: 1
PV: C1 A3 A1 D4 F4 A5 pass pass
Tree:
: T  15.00c W  21.52c S  -6.52c ( +0.2 L  +0.1) N     100  --  C1 A3 A1 D4 F4 A5 pass
---Black(^)---
C1  : T  13.45c W  19.18c S  -5.73c ( +0.2 L  +0.1) LCB   -9.83c P 59.48% WF  56.3 PSV      57 N      57  --  C1 A3 A1 D4 F4 A5 pass pass
D4  : T  16.59c W  23.68c S  -7.09c ( +0.1 L  +0.1) LCB  -16.86c P 28.54% WF  37.9 PSV      37 N      37  --  D4 A3 C1 A1 F4 A5 pass pass
F4  : T   7.61c W  20.58c S -12.97c ( +0.4 L  +0.1) LCB -493.06c P  7.31% WF   4.8 PSV       4 N       5  --  F4 D4 C1 A3
MoveNum: 1 HASH: 34B1D3797D2FA8D00BC2EF049CF46025
   A B C D E F G
 7 . . . O X X .
 6 . O . O O X .
 5 . X O O X . .
 4 . O O . X . .
 3 @ X O X X O X
 2 O O X X . X .
 1 . X X1. . . .

koSIMPLEscoreAREAtaxNONEsui0whbNfpok1komi5
Time taken: ###
Root visits: 100
New playouts: 43
NN rows: 17
NN batches: 17
NN avg batch size: 1
PV: A3 A1 D4 F4 A5 pass pass
Tree:
: T -13.05c W -15.79c S   2.74c ( -0.2 L  -0.1) N     100  --  A3 A1 D4 F4 A5 pass pass
---White(^)---
A3  : T -10.64c W -13.64c S   3.01c ( -0.1 L  -0.1) LCB  -27.49c P 61.75% WF  96.5 PSV      95 N      95  --  A3 A1 D4 F4 A5 pass pass
D4  : T -78.25c W -72.72c S  -5.54c ( -1.0 L  -0.8) LCB -280.00c P 21.86% WF   1.3 PSV       2 N       2  --  D4 A1
F5  : T -80.14c W -75.03c S  -5.11c ( -1.6 L  -1.6) LCB -280.00c P  2.29% WF   0.7 PSV       0 N       1  --  F5
A5  : T -97.34c W -92.22c S  -5.12c ( -1.5 L  -1.4) LCB -280.00c P  1.99% WF   0.6 PSV       0 N       1  --  A5
MoveNum: 2 HASH: DB228B71F0B041370F00D96E211C8706
   A B C D E F G
 7 . . . O X X .
 6 . O . O O X .
 5 . X O O X . .
 4 . O O . X . .
 3 O2. O X X O X
 2 O O X X . X .
 1 @ X X1. . . .

koSIMPLEscoreAREAtaxNONEsui0whbNfpok1komi5
Time taken: ###
Root visits: 100
New playouts: 5
NN rows: 3
NN batches: 3
NN avg batch size: 1
PV: A1 D4 F4 A5 pass pass
Tree:
: T  10.41c W  13.09c S  -2.68c ( +0.1 L  +0.1) N     100  --  A1 D4 F4 A5 pass pass
---Black(^)---
A1  : T   9.22c W  11.90c S  -2.67c ( +0.1 L  +0.1) LCB  -11.79c P 63.16% WF  58.4 PSV      59 N      59  --  A1 D4 F4 A5 pass pass
D4  : T  12.26c W  14.51c S  -2.25c ( +0.0 L  +0.0) LCB  -16.39c P 29.09% WF  39.9 PSV      39 N      39  --  D4 A1 F4 A5 pass pass
F4  : T -60.11c W -56.99c S  -3.12c ( -0.8 L  -0.7) LCB -280.00c P  5.22% WF   0.7 PSV       0 N       1  --  F4
MoveNum: 3 HASH: ACA44018D8C776243C920B1AB2891C47
   A B C D E F G
 7 . . . O X X .
 6 . O . O O X .
 5 . X O O X . .
 4 . O O @ X . .
 3 O2. O X X O X
 2 O O X X . X .
 1 X3X X1. . . .

koSIMPLEscoreAREAtaxNONEsui0whbNfpok1komi5
Time taken: ###
Root visits: 100
New playouts: 41
NN rows: 18
NN batches: 18
NN avg batch size: 1
PV: D4 F4 A5 pass pass
Tree:
: T  -9.04c W -11.05c S   2.01c ( -0.2 L  -0.1) N     100  --  D4 F4 A5 pass pass
---White(^)---
D4  : T  -5.01c W  -7.14c S   2.12c ( -0.1 L  -0.1) LCB  -18.12c P 66.25% WF  94.8 PSV      92 N      92  --  D4 F4 A5 pass pass
A5  : T -89.68c W -86.42c S  -3.26c ( -1.0 L  -0.8) LCB -280.00c P  7.78% WF   0.6 PSV       0 N       1  --  A5
F5  : T -70.95c W -67.42c S  -3.53c ( -1.1 L  -1.2) LCB -280.00c P  2.64% WF   0.7 PSV       0 N       1  --  F5
pss : T -101.50c W -95.18c S  -6.31c ( -1.8 L  -1.5) LCB -280.00c P  2.37% WF   0.6 PSV       0 N       1  --  pass
B3  : T -92.45c W -88.96c S  -3.49c ( -1.0 L  -0.9) LCB -280.00c P  2.34% WF   0.6 PSV       0 N       1  --  B3
A4  : T -98.41c W -93.39c S  -5.02c ( -1.5 L  -1.3) LCB -280.00c P  2.31% WF   0.6 PSV       0 N       1  --  A4
A7  : T -102.50c W -96.62c S  -5.87c ( -1.7 L  -1.4) LCB -280.00c P  2.08% WF   0.6 PSV       0 N       1  --  A7
C6  : T -89.75c W -86.13c S  -3.62c ( -1.1 L  -0.9) LCB -280.00c P  2.07% WF   0.6 PSV       0 N       1  --  C6
MoveNum: 5 HASH: FA804294DA0212079F6C04393DD0BE70
   A B C D E F G
 7 . . . O X X .
 6 . O . O O X .
 5 @ X O O X . .
 4 . O O O2X . .
 3 O . O X X O X
 2 O O X X . X .
 1 X1X X . . . .

koSIMPLEscoreAREAtaxNONEsui0whbNfpok1komi5
Time taken: ###
Root visits: 50
New playouts: 50
NN rows: 20
NN batches: 20
NN avg batch size: 1
PV: A5 F4 pass pass
Tree:
: T -11.68c W  -8.05c S  -3.64c ( -0.0 L  -0.1) N      50  --  A5 F4 pass pass
---White(^)---
A5  : T  -3.07c W  -0.89c S  -2.18c ( +0.0 L  -0.0) LCB  -17.15c P 29.35% WF  39.8 PSV      37 N      37  --  A5 F4 pass pass
C6  : T -52.42c W -38.20c S -14.21c ( -0.2 L  -0.4) LCB -280.00c P  9.41% WF   1.5 PSV       1 N       2  --  C6 F4
B7  : T -54.88c W -44.13c S -10.74c ( -0.2 L  -0.4) LCB -280.00c P  8.95% WF   1.5 PSV       1 N       2  --  B7 F4
B3  : T -34.58c W -28.54c S  -6.04c ( +0.0 L  -0.2) LCB -280.00c P  8.76% WF   1.7 PSV       1 N       2  --  B3 F4
A4  : T -61.03c W -48.53c S -12.51c ( -0.2 L  -0.4) LCB -280.00c P  8.16% WF   1.4 PSV       0 N       2  --  A4 F4
A6  : T -40.72c W -25.91c S -14.81c ( -0.1 L  -0.3) LCB -280.00c P  5.22% WF   1.6 PSV       0 N       2  --  A6 F4
A7  : T -74.81c W -70.67c S  -4.14c ( -0.6 L  -0.6) LCB -280.00c P  8.65% WF   0.7 PSV       0 N       1  --  A7
C7  : T -59.43c W -55.44c S  -4.00c ( -0.6 L  -0.6) LCB -280.00c P  7.65% WF   0.8 PSV       0 N       1  --  C7
MoveNum: 6 HASH: FA804294DA0212079F6C04393DD0BE70
   A B C D E F G
 7 . . . O X X .
 6 . O . O O X .
 5 . X O O X . .
 4 . O O O1X @ .
 3 O . O X X O X
 2 O O X X . X .
 1 X X X . . . .

koSIMPLEscoreAREAtaxNONEsui0whbNfpok1komi5
Time taken: ###
Root visits: 50
New playouts: 50
NN rows: 0
NN batches: 0
NN avg batch size: -nan
PV: F4 A5 pass pass
Tree:
: T   5.98c W  10.82c S  -4.83c ( +0.2 L  +0.1) N      50  --  F4 A5 pass pass
---Black(^)---
F4  : T  10.71c W  13.53c S  -2.82c ( +0.2 L  +0.1) LCB  -13.63c P 55.85% WF  41.7 PSV      40 N      40  --  F4 A5 pass pass
F5  : T -26.11c W  -5.89c S -20.23c ( +0.1 L  -0.0) LCB -280.00c P  7.21% WF   1.6 PSV       1 N       2  --  F5 A5
G5  : T -43.27c W -18.84c S -24.44c ( -0.2 L  -0.2) LCB -280.00c P  5.56% WF   1.4 PSV       0 N       2  --  G5 A5
G4  : T -14.22c W   1.59c S -15.81c ( +0.2 L  +0.1) LCB -280.00c P  4.55% WF   1.7 PSV       0 N       2  --  G4 A5
G2  : T -19.93c W  -4.15c S -15.79c ( +0.1 L  +0.0) LCB -280.00c P  3.59% WF   1.7 PSV       0 N       2  --  G2 A5
G1  : T -37.22c W -33.70c S  -3.53c ( -0.4 L  -0.2) LCB -280.00c P  3.44% WF   0.8 PSV       0 N       1  --  G1
Changed rules to TrompTaylor
MoveNum: 0 HASH: 534D5F4EAEDAD476890520B7CAD26FA0
   A B C D E F G
 7 . . . O X X .
 6 . O . O O X .
 5 . X O O X . .
 4 . O O . X . .
 3 . X O X X O X
 2 O O X X . X .
 1 . X @ . . . .

koPOSITIONALscoreAREAtaxNONEsui1komi5
Time taken: ###
Root visits: 100
New playouts: 100
NN rows: 45
NN batches: 45
NN avg batch size: 1
PV: C1 A3 A1 D4 F4 A5 pass pass
Tree:
: T  14.66c W  21.06c S  -6.40c ( +0.2 L  +0.1) N     100  --  C1 A3 A1 D4 F4 A5 pass
---Black(^)---
C1  : T  12.93c W  18.45c S  -5.52c ( +0.2 L  +0.1) LCB  -10.19c P 60.02% WF  56.2 PSV      57 N      57  --  C1 A3 A1 D4 F4 A5 pass pass
D4  : T  16.58c W  23.62c S  -7.04c ( +0.1 L  +0.1) LCB  -16.37c P 28.26% WF  38.0 PSV      37 N      37  --  D4 A3 C1 A1 F4 A5 pass pass
F4  : T   6.60c W  19.86c S -13.26c ( +0.4 L  +0.1) LCB -499.86c P  7.07% WF   4.7 PSV       4 N       5  --  F4 D4 C1 A3
MoveNum: 1 HASH: 34B1D3797D2FA8D00BC2EF049CF46025
   A B C D E F G
 7 . . . O X X .
 6 . O . O O X .
 5 . X O O X . .
 4 . O O . X . .
 3 @ X O X X O X
 2 O O X X . X .
 1 . X X1. . . .

koPOSITIONALscoreAREAtaxNONEsui1komi5
Time taken: ###
Root visits: 100
New playouts: 43
NN rows: 21
NN batches: 21
NN avg batch size: 1
PV: A3 A1 D4 F4 A5 pass pass
Tree:
: T -13.71c W -16.33c S   2.62c ( -0.2 L  -0.1) N     100  --  A3 A1 D4 F4 A5 pass pass
---White(^)---
A3  : T -11.33c W -14.21c S   2.89c ( -0.1 L  -0.1) LCB  -28.17c P 62.72% WF  96.4 PSV      95 N      95  --  A3 A1 D4 F4 A5 pass pass
D4  : T -77.58c W -71.84c S  -5.74c ( -1.0 L  -0.8) LCB -280.00c P 21.57% WF   1.3 PSV       2 N       2  --  D4 A1
F5  : T -79.53c W -74.51c S  -5.02c ( -1.6 L  -1.6) LCB -280.00c P  2.24% WF   0.7 PSV       0 N       1  --  F5
A5  : T -97.43c W -92.27c S  -5.16c ( -1.5 L  -1.4) LCB -280.00c P  1.87% WF   0.6 PSV       0 N       1  --  A5
MoveNum: 2 HASH: DB228B71F0B041370F00D96E211C8706
   A B C D E F G
 7 . . . O X X .
 6 . O . O O X .
 5 . X O O X . .
 4 . O O . X . .
 3 O2. O X X O X
 2 O O X X . X .
 1 @ X X1. . . .

koPOSITIONALscoreAREAtaxNONEsui1komi5
Time taken: ###
Root visits: 100
New playouts: 5
NN rows: 2
NN batches: 2
NN avg batch size: 1
PV: A1 D4 F4 A5 pass pass
Tree:
: T  11.02c W  13.63c S  -2.61c ( +0.1 L  +0.1) N     100  --  A1 D4 F4 A5 pass pass
---Black(^)---
A1  : T   9.59c W  12.16c S  -2.57c ( +0.1 L  +0.1) LCB  -11.77c P 63.18% WF  57.2 PSV      58 N      58  --  A1 D4 F4 A5 pass pass
D4  : T  13.16c W  15.40c S  -2.24c ( +0.0 L  +0.0) LCB  -14.27c P 29.12% WF  41.1 PSV      40 N      40  --  D4 A1 F4 A5 pass pass
F4  : T -61.82c W -58.69c S  -3.13c ( -0.8 L  -0.7) LCB -280.00c P  5.18% WF   0.7 PSV       0 N       1  --  F4
MoveNum: 3 HASH: ACA44018D8C776243C920B1AB2891C47
   A B C D E F G
 7 . . . O X X .
 6 . O . O O X .
 5 . X O O X . .
 4 . O O @ X . .
 3 O2. O X X O X
 2 O O X X . X .
 1 X3X X1. . . .

koPOSITIONALscoreAREAtaxNONEsui1komi5
Time taken: ###
Root visits: 100
New playouts: 42
NN rows: 17
NN batches: 17
NN avg batch size: 1
PV: D4 F4 A5 pass pass
Tree:
: T  -8.51c W -10.56c S   2.05c ( -0.1 L  -0.1) N     100  --  D4 F4 A5 pass pass
---White(^)---
D4  : T  -5.02c W  -7.15c S   2.13c ( -0.1 L  -0.1) LCB  -17.93c P 66.48% WF  95.4 PSV      93 N      93  --  D4 F4 A5 pass pass
A5  : T -89.72c W -86.44c S  -3.29c ( -1.0 L  -0.8) LCB -280.00c P  7.83% WF   0.6 PSV       0 N       1  --  A5
F5  : T -69.36c W -65.99c S  -3.37c ( -1.1 L  -1.2) LCB -280.00c P  2.60% WF   0.7 PSV       0 N       1  --  F5
pss : T -101.38c W -95.07c S  -6.31c ( -1.8 L  -1.5) LCB -280.00c P  2.49% WF   0.6 PSV       0 N       1  --  pass
B3  : T -91.97c W -88.55c S  -3.42c ( -1.0 L  -0.9) LCB -280.00c P  2.31% WF   0.6 PSV       0 N       1  --  B3
A4  : T -98.43c W -93.40c S  -5.03c ( -1.5 L  -1.3) LCB -280.00c P  2.26% WF   0.6 PSV       0 N       1  --  A4
A7  : T -102.50c W -96.59c S  -5.90c ( -1.7 L  -1.5) LCB -280.00c P  2.07% WF   0.6 PSV       0 N       1  --  A7
MoveNum: 5 HASH: FA804294DA0212079F6C04393DD0BE70
   A B C D E F G
 7 . . . O X X .
 6 . O . O O X .
 5 @ X O O X . .
 4 . O O O2X . .
 3 O . O X X O X
 2 O O X X . X .
 1 X1X X . . . .

koPOSITIONALscoreAREAtaxNONEsui1komi5
Time taken: ###
Root visits: 50
New playouts: 50
NN rows: 18
NN batches: 18
NN avg batch size: 1
PV: A5 F4 pass pass
Tree:
: T -10.24c W  -6.75c S  -3.49c ( -0.0 L  -0.1) N      50  --  A5 F4 pass pass
---White(^)---
A5  : T  -3.20c W  -0.90c S  -2.30c ( +0.0 L  -0.0) LCB  -16.93c P 30.85% WF  40.3 PSV      38 N      38  --  A5 F4 pass pass
C6  : T -50.63c W -35.79c S -14.84c ( -0.1 L  -0.4) LCB -280.00c P  9.21% WF   1.5 PSV       1 N       2  --  C6 F4
B7  : T -53.94c W -43.04c S -10.90c ( -0.2 L  -0.4) LCB -280.00c P  8.78% WF   1.5 PSV       1 N       2  --  B7 F4
B3  : T -32.83c W -26.30c S  -6.53c ( +0.1 L  -0.2) LCB -280.00c P  8.44% WF   1.7 PSV       1 N       2  --  B3 F4
A4  : T -24.23c W -21.14c S  -3.09c ( -0.3 L  -0.3) LCB -280.00c P  7.96% WF   0.9 PSV       1 N       1  --  A4
A6  : T -40.16c W -25.38c S -14.78c ( -0.1 L  -0.3) LCB -280.00c P  5.01% WF   1.6 PSV       0 N       2  --  A6 F4
A7  : T -74.78c W -70.65c S  -4.13c ( -0.6 L  -0.6) LCB -280.00c P  8.64% WF   0.7 PSV       0 N       1  --  A7
C7  : T -58.11c W -54.10c S  -4.01c ( -0.6 L  -0.6) LCB -280.00c P  7.43% WF   0.8 PSV       0 N       1  --  C7
MoveNum: 6 HASH: FA804294DA0212079F6C04393DD0BE70
   A B C D E F G
 7 . . . O X X .
 6 . O . O O X .
 5 . X O O X . .
 4 . O O O1X @ .
 3 O . O X X O X
 2 O O X X . X .
 1 X X X . . . .

koPOSITIONALscoreAREAtaxNONEsui1komi5
Time taken: ###
Root visits: 50
New playouts: 50
NN rows: 2
NN batches: 2
NN avg batch size: 1
PV: F4 A5 pass pass
Tree:
: T   5.39c W  10.25c S  -4.87c ( +0.2 L  +0.1) N      50  --  F4 A5 pass pass
---Black(^)---
F4  : T  10.18c W  13.05c S  -2.87c ( +0.2 L  +0.1) LCB  -13.84c P 55.57% WF  41.8 PSV      40 N      40  --  F4 A5 pass pass
F5  : T -26.31c W  -5.84c S -20.48c ( +0.1 L  -0.0) LCB -280.00c P  7.24% WF   1.6 PSV       1 N       2  --  F5 A5
G5  : T -43.83c W -19.43c S -24.40c ( -0.2 L  -0.2) LCB -280.00c P  5.49% WF   1.4 PSV       0 N       2  --  G5 A5
G4  : T -14.52c W   1.14c S -15.65c ( +0.2 L  +0.1) LCB -280.00c P  4.50% WF   1.8 PSV       0 N       2  --  G4 A5
G2  : T -20.61c W  -5.16c S -15.44c ( +0.1 L  +0.0) LCB -280.00c P  3.59% WF   1.7 PSV       0 N       2  --  G2 A5
G1  : T -44.08c W -40.43c S  -3.65c ( -0.5 L  -0.3) LCB -280.00c P  3.50% WF   0.8 PSV       0 N       1  --  G1
