= 

= 

= 

= 

= C1

= A3

= A1

= D4

= 

= pass

= MoveNum: 6 HASH: FA804294DA0212079F6C04393DD0BE70
   A B C D E F G
 7 . . . O X X .
 6 . O . O O X .
 5 . X O O X . .
 4 . O O O1X . .
 3 O . O X X O X
 2 O O X X . X .
 1 X X X . . . .
Next player: Black
Rules: {"friendlyPassOk":true,"hasButton":false,"ko":"SIMPLE","komi":5.0,"scoring":"AREA","suicide":false,"tax":"NONE","whiteHandicapBonus":"N"}
B stones captured: 1
W stones captured: 0

= D7 E7 F7 B6 D6 E6 F6 C5 D5 E5 B4 C4 D4 E4 A3 C3 D3 E3 G3 A2 B2 C2 D2 F2 A1 B1 C1

= B5 F3

= 0

= pass

= 

= 

= MoveNum: 7 HASH: FA804294DA0212079F6C04393DD0BE70
   A B C D E F G
 7 . . . O X X .
 6 . O . O O X .
 5 . X O O X . .
 4 . O O O X . .
 3 O . O X X O X
 2 O O X X . X .
 1 X X X . . . .
Next player: White
Rules: {"friendlyPassOk":true,"hasButton":false,"ko":"SIMPLE","komi":5.0,"scoring":"AREA","suicide":false,"tax":"NONE","whiteHandicapBonus":"N"}
B stones captured: 1
W stones captured: 0

= D7 E7 F7 B6 D6 E6 F6 C5 D5 E5 B4 C4 D4 E4 A3 C3 D3 E3 G3 A2 B2 C2 D2 F2 A1 B1 C1

= B5 F3

= 0

= 

= 

= 

= C1

= A3

= A1

= D4

= 

= A5

= 

= 

= MoveNum: 6 HASH: FA804294DA0212079F6C04393DD0BE70
   A B C D E F G
 7 . . . O X X .
 6 . O . O O X .
 5 . X O O X . .
 4 . O O O1X . .
 3 O . O X X O X
 2 O O X X . X .
 1 X X X . . . .
Next player: Black
Rules: {"friendlyPassOk":false,"hasButton":false,"ko":"POSITIONAL","komi":5.0,"scoring":"AREA","suicide":true,"tax":"NONE","whiteHandicapBonus":"0"}
B stones captured: 1
W stones captured: 0

= D7 E7 F7 B6 D6 E6 F6 B5 C5 D5 E5 B4 C4 D4 E4 A3 C3 D3 E3 F3 G3 A2 B2 C2 D2 F2 A1 B1 C1

= 

= B+1.0

= F4

= 

= 

= MoveNum: 7 HASH: FA804294DA0212079F6C04393DD0BE70
   A B C D E F G
 7 . . . O X X .
 6 . O . O O X .
 5 . X O O X . .
 4 . O O O X . .
 3 O . O X X O X
 2 O O X X . X .
 1 X X X . . . .
Next player: White
Rules: {"friendlyPassOk":false,"hasButton":false,"ko":"POSITIONAL","komi":5.0,"scoring":"AREA","suicide":true,"tax":"NONE","whiteHandicapBonus":"0"}
B stones captured: 1
W stones captured: 0

= D7 E7 F7 B6 D6 E6 F6 B5 C5 D5 E5 B4 C4 D4 E4 A3 C3 D3 E3 F3 G3 A2 B2 C2 D2 F2 A1 B1 C1

= 

= B+1.0

