KataGo v1.16.4
Using TrompTaylor rules initially, unless GTP/GUI overrides this
Initializing board with boardXSize 9 boardYSize 9
Loaded config configs/gtp_example.cfg and/or command-line and query overrides
Loaded model models/b18c384nbt-uec.bin.gz
Model name: b18c384nbt-uec-20221121b
GTP ready, beginning main protocol loop
