= playoutDoublingAdvantage analysisWideRootNoise

= 

= 50.5

= 

= -23

