= (;FF[4]GM[1]SZ[19]PB[]PW[]HA[0]KM[7.5]RU[TrompTaylor])

= 

= 

= 

= 

= 

= (;FF[4]GM[1]SZ[9]PB[]PW[]HA[0]KM[7.5]RU[Japanese];B[cg];W[cd];B[ca])

= 

= 

= 

= C10 E10 D4

= F4

= (;FF[4]GM[1]SZ[9:13]PB[]PW[]HA[3]KM[7.5]RU[Chinese]AB[cd][ed][dj];W[fj])

= 

= (;FF[4]GM[1]SZ[9:13]PB[]PW[]HA[3]KM[7.5]RU[koSIMPLEscoreAREAtaxSEKIsui0whbN]AB[cd][ed][dj];W[fj])

