: Analysis Engine starting...
: KataGo v1.8.0
: nnRandSeed0 = analysisTest
: After dedups: nnModelFile0 = tests/models/g170-b6c96-s175395328-d26788732.bin.gz useFP16 false useNHWC false
: Cuda backend thread 0: Found GPU Tesla V100-SXM2-16GB memory 16945512448 compute capability major 7 minor 0
: Cuda backend thread 0: Model version 8 useFP16 = false useNHWC = false
: Cuda backend thread 0: Model name: g170-b6c96-s175395328-d26788732
: Loaded config configs/analysis_example.cfg and/or command-line and query overrides
: Loaded model tests/models/g170-b6c96-s175395328-d26788732.bin.gz
: Analyzing up to 1 positions at at time in parallel
: Started, ready to begin handling requests
: Request: {"id":"foo","initialStones":[["B","Q4"],["B","C4"]],"moves":[["W","P5"],["B","P6"]],"rules":"tromp-taylor","komi":7.5,"boardXSize":19,"boardYSize":19,"analyzeTurns":[2],"overrideSettings":{"maxVisits":10}}
: Request: {"id":"foo","initialStones":[],"moves":[["W","C5"],["B","C6"]],"rules":"tromp-taylor","komi":4,"boardXSize":7,"boardYSize":7,"overrideSettings":{"maxVisits":10},"includeOwnership":true,"includePolicy":true}
: MoveNum: 2 HASH: 29EDDA3CC5189C1F08CBD809E4157047
   A B C D E F G H J K L M N O P Q R S T
19 . . . . . . . . . . . . . . . . . . .
18 . . . . . . . . . . . . . . . . . . .
17 . . . . . . . . . . . . . . . . . . .
16 . . . . . . . . . . . . . . . . . . .
15 . . . . . . . . . . . . . . . . . . .
14 . . . . . . . . . . . . . . . . . . .
13 . . . . . . . . . . . . . . . . . . .
12 . . . . . . . . . . . . . . . . . . .
11 . . . . . . . . . . . . . . . . . . .
10 . . . . . . . . . . . . . . . . . . .
 9 . . . . . . . . . . . . . . . . . . .
 8 . . . . . . . . . . . . . . . . . . .
 7 . . . . . . . . . . . . . . . . . . .
 6 . . . . . . . . . . . . . . X . . . .
 5 . . . . . . . . . . . . . . O . . . .
 4 . . X . . . . . . . . . . . . X . . .
 3 . . . . . . . . . . . . . . . . . . .
 2 . . . . . . . . . . . . . . . . . . .
 1 . . . . . . . . . . . . . . . . . . .

koPOSITIONALscoreAREAtaxNONEsui1komi7.5
Root visits: 10
New playouts: 10
NN rows: 10
NN batches: 10
NN avg batch size: 1
PV: Q5 R5 Q6 R6 Q7 P4
Tree:
: T -25.83c W -23.51c S  -2.32c ( -7.5 L  -7.2) N      10  --  Q5 R5 Q6 R6 Q7 P4
---White(^)---
Q5  : T -25.74c W -23.35c S  -2.39c ( -7.5 L  -7.2) LCB  -55.07c P 80.79% WF 100.00% PSV       9 N       9  --  Q5 R5 Q6 R6 Q7 P4

: Response: {"id":"foo","isDuringSearch":false,"moveInfos":[{"lcb":0.27848658157788336,"move":"Q5","order":0,"prior":0.807857871055603,"pv":["Q5","R5","Q6","R6","Q7","P4"],"scoreLead":-7.2380570714278205,"scoreMean":-7.2380570714278205,"scoreSelfplay":-7.536282165920417,"scoreStdev":30.95040713479925,"utility":-0.2573575189201261,"utilityLcb":-0.5507025211164254,"visits":9,"winrate":0.3832526537908474}],"rootInfo":{"scoreLead":-7.228589237743901,"scoreSelfplay":-7.53529300458045,"scoreStdev":31.017192723271382,"utility":-0.2582949171720451,"visits":10,"winrate":0.38244894443154565},"turnNumber":2}
: MoveNum: 2 HASH: FACB00E9D9004B23F7292DCF3F13D71D
   A B C D E F G
 7 . . . . . . .
 6 . . X . . . .
 5 . . O . . . .
 4 . . . . . . .
 3 . . . . . . .
 2 . . . . . . .
 1 . . . . . . .

koPOSITIONALscoreAREAtaxNONEsui1komi4
Root visits: 10
New playouts: 10
NN rows: 20
NN batches: 20
NN avg batch size: 1
PV: D5 D3 C3
Tree:
: T  92.31c W  98.50c S  -6.19c (+20.4 L +11.4) N      10  --  D5 D3 C3
---White(^)---
D5  : T  89.88c W  98.23c S  -8.35c (+18.9 L +11.2) LCB   31.50c P 74.13% WF 50.07% PSV       6 N       6  --  D5 D3 C3
D4  : T  89.65c W  98.80c S  -9.15c (+19.3 L +10.1) LCB -590.01c P 21.25% WF 49.93% PSV       1 N       3  --  D4 D5 C4

: Response: {"id":"foo","isDuringSearch":false,"moveInfos":[{"lcb":0.7826552761922545,"move":"D5","order":0,"prior":0.7412819862365723,"pv":["D5","D3","C3"],"scoreLead":11.168226434738909,"scoreMean":11.168226434738909,"scoreSelfplay":18.86443766729852,"scoreStdev":10.212854380698863,"utility":0.8987998029415613,"utilityLcb":0.31503183691058745,"visits":6,"winrate":0.9911438354890308},{"lcb":-1.4333493836077698,"move":"D4","order":1,"prior":0.21253976225852966,"pv":["D4","D5","C4"],"scoreLead":10.149068673451742,"scoreMean":10.149068673451742,"scoreSelfplay":19.330758412679035,"scoreStdev":11.278904690402475,"utility":0.8964728881135935,"utilityLcb":-5.900073113776452,"visits":3,"winrate":0.9939884742101034}],"ownership":[0.4289540022611618,0.3881768847107887,0.39191869366914034,0.35624280881881715,0.32073871484398847,0.21453367763757708,0.23775740209966903,0.39121971693634994,0.4501413797140122,0.33018689018487923,0.4613927864432335,0.4039928645193576,0.2691894716620445,0.14105224632099275,0.4207864814996719,0.5168476346731187,0.9187135257720948,0.7748653097711504,0.38987086385488506,0.2977827889472246,0.1393045538663864,0.2974835351705551,0.4626303654909133,0.39338275456428523,0.47235815691947936,0.4459990586042404,0.1282958691716194,0.07722335948050021,0.2148791660070419,0.17940886211395263,0.3598184419870376,-0.16543741881847385,0.11396559339761735,-0.05874499976634982,0.020314225792884825,0.011248889923095667,-0.006947894752025639,-0.1435302428603173,-0.16740703962743284,-0.1735603865385056,-0.18683880397304894,-0.12444954604655505,0.01383020389080047,-0.09745494163036351,-0.12501966744661336,-0.16268827036023142,-0.1775050562396646,-0.28130970414727924,-0.16660530374944213],"policy":[2.0382161892484874e-05,3.4856420825235546e-05,3.160306005156599e-05,2.9958122468087822e-05,3.4272750781383365e-05,5.183412940823473e-05,3.5825956729240716e-05,3.178223050781526e-05,0.00045726189273409545,-1.0,0.006051274947822094,8.293084829347208e-05,6.732360634487122e-05,5.293793583405204e-05,3.099121022387408e-05,0.0001096416381187737,-1.0,0.7412819862365723,0.009767632000148296,9.512250107945874e-05,4.483774318941869e-05,3.297091097920202e-05,0.0002135057729901746,0.0024477567058056593,0.21253976225852966,0.02202642895281315,8.887547301128507e-05,4.55269000667613e-05,4.10315151384566e-05,6.149317778181285e-05,0.0004886193783022463,0.002610794734209776,0.0002784570096991956,5.960322232567705e-05,3.732624827534892e-05,3.589312109397724e-05,6.116004806244746e-05,8.390792936552316e-05,6.800958362873644e-05,6.317993393167853e-05,6.1034774262225255e-05,4.044537854497321e-05,3.601106800488196e-05,4.210553743178025e-05,4.286006515030749e-05,4.065850589540787e-05,3.943306364817545e-05,4.3480908061610535e-05,3.2311709219357e-05,2.4918981580412947e-05],"rootInfo":{"scoreLead":11.364759285024055,"scoreSelfplay":20.360880915207833,"scoreStdev":11.260441721775498,"utility":0.9230780774911554,"visits":10,"winrate":0.9924964453993852},"turnNumber":2}
: tests/models/g170-b6c96-s175395328-d26788732.bin.gz
: NN rows: 20
: NN batches: 20
: NN avg batch size: 1
: All cleaned up, quitting
