{"id":"foo","isDuringSearch":false,"moveInfos":[{"lcb":0.27848658157788336,"move":"Q5","order":0,"prior":0.807857871055603,"pv":["Q5","R5","Q6","R6","Q7","P4"],"scoreLead":-7.2380570714278205,"scoreMean":-7.2380570714278205,"scoreSelfplay":-7.536282165920417,"scoreStdev":30.95040713479925,"utility":-0.2573575189201261,"utilityLcb":-0.5507025211164254,"visits":9,"winrate":0.3832526537908474}],"rootInfo":{"scoreLead":-7.228589237743901,"scoreSelfplay":-7.53529300458045,"scoreStdev":31.017192723271382,"utility":-0.2582949171720451,"visits":10,"winrate":0.38244894443154565},"turnNumber":2}
{"id":"foo","isDuringSearch":false,"moveInfos":[{"lcb":0.7826552761922545,"move":"D5","order":0,"prior":0.7412819862365723,"pv":["D5","D3","C3"],"scoreLead":11.168226434738909,"scoreMean":11.168226434738909,"scoreSelfplay":18.86443766729852,"scoreStdev":10.212854380698863,"utility":0.8987998029415613,"utilityLcb":0.31503183691058745,"visits":6,"winrate":0.9911438354890308},{"lcb":-1.4333493836077698,"move":"D4","order":1,"prior":0.21253976225852966,"pv":["D4","D5","C4"],"scoreLead":10.149068673451742,"scoreMean":10.149068673451742,"scoreSelfplay":19.330758412679035,"scoreStdev":11.278904690402475,"utility":0.8964728881135935,"utilityLcb":-5.900073113776452,"visits":3,"winrate":0.9939884742101034}],"ownership":[0.4289540022611618,0.3881768847107887,0.39191869366914034,0.35624280881881715,0.32073871484398847,0.21453367763757708,0.23775740209966903,0.39121971693634994,0.4501413797140122,0.33018689018487923,0.4613927864432335,0.4039928645193576,0.2691894716620445,0.14105224632099275,0.4207864814996719,0.5168476346731187,0.9187135257720948,0.7748653097711504,0.38987086385488506,0.2977827889472246,0.1393045538663864,0.2974835351705551,0.4626303654909133,0.39338275456428523,0.47235815691947936,0.4459990586042404,0.1282958691716194,0.07722335948050021,0.2148791660070419,0.17940886211395263,0.3598184419870376,-0.16543741881847385,0.11396559339761735,-0.05874499976634982,0.020314225792884825,0.011248889923095667,-0.006947894752025639,-0.1435302428603173,-0.16740703962743284,-0.1735603865385056,-0.18683880397304894,-0.12444954604655505,0.01383020389080047,-0.09745494163036351,-0.12501966744661336,-0.16268827036023142,-0.1775050562396646,-0.28130970414727924,-0.16660530374944213],"policy":[2.0382161892484874e-05,3.4856420825235546e-05,3.160306005156599e-05,2.9958122468087822e-05,3.4272750781383365e-05,5.183412940823473e-05,3.5825956729240716e-05,3.178223050781526e-05,0.00045726189273409545,-1.0,0.006051274947822094,8.293084829347208e-05,6.732360634487122e-05,5.293793583405204e-05,3.099121022387408e-05,0.0001096416381187737,-1.0,0.7412819862365723,0.009767632000148296,9.512250107945874e-05,4.483774318941869e-05,3.297091097920202e-05,0.0002135057729901746,0.0024477567058056593,0.21253976225852966,0.02202642895281315,8.887547301128507e-05,4.55269000667613e-05,4.10315151384566e-05,6.149317778181285e-05,0.0004886193783022463,0.002610794734209776,0.0002784570096991956,5.960322232567705e-05,3.732624827534892e-05,3.589312109397724e-05,6.116004806244746e-05,8.390792936552316e-05,6.800958362873644e-05,6.317993393167853e-05,6.1034774262225255e-05,4.044537854497321e-05,3.601106800488196e-05,4.210553743178025e-05,4.286006515030749e-05,4.065850589540787e-05,3.943306364817545e-05,4.3480908061610535e-05,3.2311709219357e-05,2.4918981580412947e-05],"rootInfo":{"scoreLead":11.364759285024055,"scoreSelfplay":20.360880915207833,"scoreStdev":11.260441721775498,"utility":0.9230780774911554,"visits":10,"winrate":0.9924964453993852},"turnNumber":2}
