: Analysis Engine starting...
: KataGo v1.8.2
: nnRandSeed0 = analysisTest
: After dedups: nnModelFile0 = tests/models/g170-b6c96-s175395328-d26788732.bin.gz useFP16 false useNHWC false
: Cuda backend thread 0: Found GPU Tesla V100-SXM2-16GB memory 16945512448 compute capability major 7 minor 0
: Cuda backend thread 0: Model version 8 useFP16 = false useNHWC = false
: Cuda backend thread 0: Model name: g170-b6c96-s175395328-d26788732
: Loaded config configs/analysis_example.cfg and/or command-line and query overrides
: Loaded model tests/models/g170-b6c96-s175395328-d26788732.bin.gz
: Config override: cudaUseFP16 = false
: Config override: cudaUseNHWC = false
: Config override: forDeterministicTesting = true
: Config override: logAllRequests = true
: Config override: logAllResponses = true
: Config override: logDir = 
: Config override: logFile = tests/results/analysis/basic.txt.log
: Config override: logSearchInfo = true
: Config override: logTimeStamp = false
: Config override: maxPlayouts = 10000
: Config override: maxVisits = 100
: Config override: nnRandSeed = analysisTest
: Config override: nnRandomize = false
: Config override: numAnalysisThreads = 1
: Config override: numSearchThreadsPerAnalysisThread = 1
: Config override: openclUseFP16 = false
: Analyzing up to 1 positions at at time in parallel
: Started, ready to begin handling requests
: Request: {"id":"foo","initialStones":[["B","Q4"],["B","C4"]],"moves":[["W","P5"],["B","P6"]],"rules":"tromp-taylor","komi":7.5,"boardXSize":19,"boardYSize":19,"analyzeTurns":[2],"overrideSettings":{"maxVisits":10}}
: Request: {"id":"foo","initialStones":[],"moves":[["W","C5"],["B","C6"]],"rules":"tromp-taylor","komi":4,"boardXSize":7,"boardYSize":7,"overrideSettings":{"maxVisits":10},"includeOwnership":true,"includePolicy":true}
: MoveNum: 2 HASH: 29EDDA3CC5189C1F08CBD809E4157047
   A B C D E F G H J K L M N O P Q R S T
19 . . . . . . . . . . . . . . . . . . .
18 . . . . . . . . . . . . . . . . . . .
17 . . . . . . . . . . . . . . . . . . .
16 . . . . . . . . . . . . . . . . . . .
15 . . . . . . . . . . . . . . . . . . .
14 . . . . . . . . . . . . . . . . . . .
13 . . . . . . . . . . . . . . . . . . .
12 . . . . . . . . . . . . . . . . . . .
11 . . . . . . . . . . . . . . . . . . .
10 . . . . . . . . . . . . . . . . . . .
 9 . . . . . . . . . . . . . . . . . . .
 8 . . . . . . . . . . . . . . . . . . .
 7 . . . . . . . . . . . . . . . . . . .
 6 . . . . . . . . . . . . . . X2. . . .
 5 . . . . . . . . . . . . . . O1. . . .
 4 . . X . . . . . . . . . . . . X . . .
 3 . . . . . . . . . . . . . . . . . . .
 2 . . . . . . . . . . . . . . . . . . .
 1 . . . . . . . . . . . . . . . . . . .

koPOSITIONALscoreAREAtaxNONEsui1komi7.5
Root visits: 10
New playouts: 10
NN rows: 10
NN batches: 10
NN avg batch size: 1
PV: Q5 R5 Q6 R6 Q7 P4
Tree:
: T  25.83c W  23.51c S   2.32c ( +7.5 L  +7.2) N      10  --  Q5 R5 Q6 R6 Q7 P4
---White(v)---
Q5  : T  25.74c W  23.35c S   2.39c ( +7.5 L  +7.2) LCB   55.07c P 80.79% WF   9.0 PSV       9 N       9  --  Q5 R5 Q6 R6 Q7 P4

: Response: {"id":"foo","isDuringSearch":false,"moveInfos":[{"lcb":0.7215132744901697,"move":"Q5","order":0,"prior":0.8078576326370239,"pv":["Q5","R5","Q6","R6","Q7","P4"],"scoreLead":7.23805616513248,"scoreMean":7.23805616513248,"scoreSelfplay":7.536280786214547,"scoreStdev":30.950407136641903,"utility":0.2573574852310608,"utilityLcb":0.5507021499752407,"visits":9,"winrate":0.6167473227958197}],"rootInfo":{"scoreLead":7.228588326710662,"scoreSelfplay":7.5352916197940205,"scoreStdev":31.017192759639336,"symHash":"215BAF8265F4950EC41771439410160F","thisHash":"FA2C1B0E252C40AF31EB9DEC2CCCCD34","utility":0.25829488949739543,"visits":10,"winrate":0.6175510359865708},"turnNumber":2}
: MoveNum: 2 HASH: FACB00E9D9004B23F7292DCF3F13D71D
   A B C D E F G
 7 . . . . . . .
 6 . . X2. . . .
 5 . . O1. . . .
 4 . . . . . . .
 3 . . . . . . .
 2 . . . . . . .
 1 . . . . . . .

koPOSITIONALscoreAREAtaxNONEsui1komi4
Root visits: 10
New playouts: 10
NN rows: 20
NN batches: 20
NN avg batch size: 1
PV: D5 D3 C3
Tree:
: T -92.31c W -98.50c S   6.19c (-20.4 L -11.4) N      10  --  D5 D3 C3
---White(v)---
D5  : T -89.88c W -98.23c S   8.35c (-18.9 L -11.2) LCB  -31.50c P 74.13% WF   6.0 PSV       6 N       6  --  D5 D3 C3
D4  : T -89.65c W -98.80c S   9.15c (-19.3 L -10.1) LCB  590.01c P 21.25% WF   3.0 PSV       1 N       3  --  D4 D5 C4

: Response: {"id":"foo","isDuringSearch":false,"moveInfos":[{"lcb":0.21734486612406334,"move":"D5","order":0,"prior":0.7412821054458618,"pv":["D5","D3","C3"],"scoreLead":-11.168227529286645,"scoreMean":-11.168227529286645,"scoreSelfplay":-18.864442036436706,"scoreStdev":10.212854713077427,"utility":-0.8987998284390016,"utilityLcb":-0.3150314464560281,"visits":6,"winrate":0.008856158273001347},{"lcb":2.433348981660613,"move":"D4","order":1,"prior":0.2125396877527237,"pv":["D4","D5","C4"],"scoreLead":-10.149070103963217,"scoreMean":-10.149070103963217,"scoreSelfplay":-19.330761591593426,"scoreStdev":11.2789060064091,"utility":-0.8964729418671813,"utilityLcb":5.900071997155701,"visits":3,"winrate":0.00601150343815493}],"ownership":[-0.42895390167832376,-0.388176995780319,-0.3919186945781111,-0.35624283361434933,-0.32073874166607863,-0.2145336245298386,-0.23775745166093115,-0.39121972504258157,-0.45014136624336243,-0.3301868848800659,-0.46139278823137286,-0.40399275100231163,-0.2691894496679306,-0.14105225034803157,-0.4207864319682122,-0.5168475972414017,-0.9187134666442871,-0.7748652950748801,-0.3898708620667457,-0.29778282172977927,-0.1393046178370714,-0.29748345041275026,-0.4626303466558456,-0.3933826911449432,-0.4723581128120422,-0.4459992475509643,-0.1282957829236984,-0.07722340333461762,-0.21487903773784633,-0.17940879130363463,-0.35981844627857207,0.16543738806247715,-0.1139655431509018,0.0587450445890427,-0.020314237281680105,-0.011248832464218116,0.006947844743728664,0.14353020578622824,0.16740701700747013,0.17356046932935718,0.18683874339610337,0.12444951704144479,-0.013830295413732515,0.0974549033045769,0.12501968622207643,0.16268823978304864,0.17750503628700973,0.28130970495939256,0.1666052869781852],"policy":[2.0382125512696803e-05,3.4856358979595825e-05,3.160303458571434e-05,2.995804425154347e-05,3.4272725315531716e-05,5.183404209674336e-05,3.582589124562219e-05,3.178217593813315e-05,0.00045726177631877363,-1.0,0.006051264237612486,8.293071005027741e-05,6.732349720550701e-05,5.2937793952878565e-05,3.0991188396001235e-05,0.00010964144166791812,-1.0,0.7412821054458618,0.009767647832632065,9.512242104392499e-05,4.483770680963062e-05,3.297085640951991e-05,0.0002135054237442091,0.0024477511178702116,0.2125396877527237,0.02202644757926464,8.887532021617517e-05,4.5526780013460666e-05,4.1031482396647334e-05,6.149307591840625e-05,0.0004886192036792636,0.002610792638733983,0.0002784563694149256,5.9603116824291646e-05,3.7326150049921125e-05,3.589305924833752e-05,6.115999713074416e-05,8.390779112232849e-05,6.800946721341461e-05,6.317982479231432e-05,6.103466512286104e-05,4.0445269405609e-05,3.6011002521263435e-05,4.210546467220411e-05,4.285999239073135e-05,4.065843313583173e-05,3.9432994526578113e-05,4.3480831664055586e-05,3.231165464967489e-05,2.4919008865254e-05],"rootInfo":{"scoreLead":-11.364759032036574,"scoreSelfplay":-20.36088487384315,"scoreStdev":11.260441717794297,"symHash":"142D62B902727ED7A147F45224109E72","thisHash":"290AC1DB39349793CE09682AF7CA6A6E","utility":-0.9230781146940679,"visits":10,"winrate":0.007503543250511946},"turnNumber":2}
: tests/models/g170-b6c96-s175395328-d26788732.bin.gz
: NN rows: 20
: NN batches: 20
: NN avg batch size: 1
: GPU -1 finishing, processed 20 rows 20 batches
: All cleaned up, quitting
