: Running with following config:
cudaUseFP16 = false
cudaUseNHWC = false
forDeterministicTesting = true
humanSLProfile = preaz_18k
logAllRequests = true
logAllResponses = true
logFile = tests/results/analysis/humansl_sidetomove.txt.log
logSearchInfo = true
logTimeStamp = false
maxPlayouts = 10000
maxVisits = 100
nnCacheSizePowerOfTwo = 23
nnMaxBatchSize = 64
nnMutexPoolSizePowerOfTwo = 17
nnRandSeed = analysisTest
nnRandomize = false
numAnalysisThreads = 1
numSearchThreads = 1
openclUseFP16 = false
reportAnalysisWinratesAs = SIDETOMOVE
rootSymmetryPruning = false
trtUseFP16 = false

: Analysis Engine starting...
: KataGo v1.16.4
: nnRandSeed0 = analysisTest
: After dedups: nnModelFile0 = tests/models/g170-b6c96-s175395328-d26788732.bin.gz useFP16 false useNHWC false
: Initializing neural net buffer to be size 19 * 19 allowing smaller boards
: Cuda backend thread 0: Found GPU NVIDIA RTX A5000 memory 25425608704 compute capability major 8 minor 6
: Cuda backend thread 0: Model version 8 useFP16 = false useNHWC = false
: Cuda backend thread 0: Model name: g170-b6c96-s175395328-d26788732
: nnRandSeed0 = analysisTest
: After dedups: nnModelFile0 = models/b18c384nbt-humanv0.bin.gz useFP16 false useNHWC false
: Initializing neural net buffer to be size 19 * 19 allowing smaller boards
: Cuda backend thread 0: Found GPU NVIDIA RTX A5000 memory 25425608704 compute capability major 8 minor 6
: Cuda backend thread 0: Model version 15 useFP16 = false useNHWC = false
: Cuda backend thread 0: Model name: b18c384nbt-humanv0
: Loaded config configs/analysis_example.cfg and/or command-line and query overrides
: Loaded model tests/models/g170-b6c96-s175395328-d26788732.bin.gz
: Config override: cudaUseFP16 = false
: Config override: cudaUseNHWC = false
: Config override: forDeterministicTesting = true
: Config override: humanSLProfile = preaz_18k
: Config override: logAllRequests = true
: Config override: logAllResponses = true
: Config override: logDir = 
: Config override: logFile = tests/results/analysis/humansl_sidetomove.txt.log
: Config override: logSearchInfo = true
: Config override: logTimeStamp = false
: Config override: maxPlayouts = 10000
: Config override: maxVisits = 100
: Config override: nnRandSeed = analysisTest
: Config override: nnRandomize = false
: Config override: numAnalysisThreads = 1
: Config override: numSearchThreadsPerAnalysisThread = 1
: Config override: openclUseFP16 = false
: Config override: reportAnalysisWinratesAs = SIDETOMOVE
: Config override: rootSymmetryPruning = false
: Config override: trtUseFP16 = false
: Analyzing up to 1 positions at a time in parallel
: Started, ready to begin handling requests
: Request: {"id":"foo","initialStones":[["B","Q4"],["B","C4"]],"moves":[["W","P5"],["B","P6"]],"rules":"tromp-taylor","komi":7.5,"boardXSize":19,"boardYSize":19,"analyzeTurns":[2],"overrideSettings":{"maxVisits":10}}
: Request: {"id":"foo","initialStones":[],"moves":[["W","C5"],["B","C6"]],"rules":"tromp-taylor","komi":4,"boardXSize":7,"boardYSize":7,"overrideSettings":{"maxVisits":10},"includeOwnership":true,"includePolicy":true}
: Request: {"id":"foo","initialStones":[],"moves":[["W","C5"],["B","C6"],["W","C7"]],"rules":"tromp-taylor","komi":4,"boardXSize":7,"boardYSize":7,"overrideSettings":{"maxVisits":10},"includeOwnership":true,"includePolicy":true}
: Request: {"id":"foo","initialStones":[],"moves":[["W","C5"],["B","C6"],["W","C7"]],"rules":"tromp-taylor","komi":4,"boardXSize":7,"boardYSize":7,"overrideSettings":{"maxVisits":20},"includeOwnership":true,"includeOwnershipStdev":true,"includePolicy":true}
: Request: {"id":"foo","action":"query_models"}
: Request: {"id":"foo","initialStones":[["B","(16,3)"],["W","(3,3)"],["B","(15,16)"],["W","(3,15)"],["B","(5,2)"],["W","(3,5)"],["B","(5,16)"],["W","(8,2)"],["B","(2,13)"],["W","(14,2)"],["B","(14,3)"],["W","(13,3)"],["B","(13,2)"],["W","(12,2)"],["B","(13,1)"],["W","(12,1)"],["B","(14,1)"],["W","(15,2)"],["B","(15,1)"],["W","(16,2)"],["B","(15,3)"],["W","(16,1)"],["B","(17,1)"],["W","(2,11)"],["B","(4,14)"],["W","(3,14)"],["B","(3,13)"],["W","(4,13)"],["B","(5,14)"],["W","(3,12)"],["B","(1,13)"],["W","(4,16)"],["B","(2,16)"],["W","(1,14)"],["B","(1,15)"],["W","(2,14)"],["B","(0,14)"],["W","(5,17)"],["B","(6,16)"],["W","(3,17)"],["B","(2,17)"],["W","(6,17)"],["B","(8,16)"],["W","(7,17)"],["B","(7,16)"],["W","(17,2)"],["B","(16,0)"],["W","(1,17)"],["B","(1,18)"],["W","(8,17)"],["B","(9,17)"],["W","(0,17)"],["B","(0,13)"],["W","(5,13)"],["B","(6,14)"],["W","(1,11)"],["B","(3,18)"],["W","(4,18)"],["B","(2,18)"],["W","(3,16)"],["B","(2,15)"],["W","(0,15)"],["B","(0,16)"],["W","(10,17)"],["B","(9,16)"],["W","(9,18)"],["B","(11,16)"],["W","(0,12)"],["B","(12,3)"],["W","(13,4)"],["B","(11,3)"],["W","(10,2)"],["B","(10,3)"],["W","(10,1)"],["B","(17,3)"],["W","(3,2)"],["B","(11,17)"],["W","(2,12)"],["B","(15,10)"],["W","(1,12)"],["B","(0,15)"],["W","(1,16)"],["B","(0,18)"],["W","(1,17)"],["B","(4,15)"],["W","(4,17)"],["B","(6,13)"],["W","(5,11)"],["B","(6,11)"],["W","(16,15)"],["B","(16,16)"]],"initialPlayer":"W","moves":[],"rules":"tromp-taylor","komi":7.5,"boardXSize":19,"boardYSize":19,"overrideSettings":{"maxVisits":30,"humanSLRootExploreProbWeightless":0.8,"humanSLCpuctPermanent":2.0}}
: Response: {"action":"query_models","id":"foo","models":[{"internalName":"g170-b6c96-s175395328-d26788732","maxBatchSize":64,"name":"tests/models/g170-b6c96-s175395328-d26788732.bin.gz","usesHumanSLProfile":false,"usingFP16":"false","version":8},{"internalName":"b18c384nbt-humanv0","maxBatchSize":64,"name":"models/b18c384nbt-humanv0.bin.gz","usesHumanSLProfile":true,"usingFP16":"false","version":15}]}
: MoveNum: 2 HASH: 29EDDA3CC5189C1F08CBD809E4157047
   A B C D E F G H J K L M N O P Q R S T
19 . . . . . . . . . . . . . . . . . . .
18 . . . . . . . . . . . . . . . . . . .
17 . . . . . . . . . . . . . . . . . . .
16 . . . . . . . . . . . . . . . . . . .
15 . . . . . . . . . . . . . . . . . . .
14 . . . . . . . . . . . . . . . . . . .
13 . . . . . . . . . . . . . . . . . . .
12 . . . . . . . . . . . . . . . . . . .
11 . . . . . . . . . . . . . . . . . . .
10 . . . . . . . . . . . . . . . . . . .
 9 . . . . . . . . . . . . . . . . . . .
 8 . . . . . . . . . . . . . . . . . . .
 7 . . . . . . . . . . . . . . . . . . .
 6 . . . . . . . . . . . . . . X2. . . .
 5 . . . . . . . . . . . . . . O1. . . .
 4 . . X . . . . . . . . . . . . X . . .
 3 . . . . . . . . . . . . . . . . . . .
 2 . . . . . . . . . . . . . . . . . . .
 1 . . . . . . . . . . . . . . . . . . .

koPOSITIONALscoreAREAtaxNONEsui1komi7.5
Root visits: 10
New playouts: 10
NN rows: 10
NN batches: 10
NN avg batch size: 1
PV: Q5 R5 Q6 R6 Q7
Tree:
: T -23.95c W -22.79c S  -1.36c ( -7.4 L  -7.1) N      10  --  Q5 R5 Q6 R6 Q7
---White(^)---
Q5  : T -23.29c W -22.21c S  -1.30c ( -7.3 L  -7.0) LCB  -36.06c P 74.69% WF   9.0 PSV       9 N       9  --  Q5 R5 Q6 R6 Q7

: Response: {"id":"foo","isDuringSearch":false,"moveInfos":[{"edgeVisits":9,"edgeWeight":9.0,"humanPrior":0.595811009,"lcb":0.34337341,"move":"Q5","order":0,"playSelectionValue":9.0,"prior":0.746874392,"pv":["Q5","R5","Q6","R6","Q7"],"scoreLead":-7.02175857,"scoreMean":-7.02175857,"scoreSelfplay":-7.33743113,"scoreStdev":30.899195,"utility":-0.232894846,"utilityLcb":-0.360566676,"visits":9,"weight":9.0,"winrate":0.388970492}],"rootInfo":{"currentPlayer":"W","humanScoreMean":-21.6338348,"humanScoreStdev":71.82946,"humanStScoreError":4.45147419,"humanStWrError":0.0997418314,"humanWinrate":0.3215639,"rawLead":-7.73733997,"rawNoResultProb":0.0,"rawScoreSelfplay":-8.22156048,"rawScoreSelfplayStdev":31.4019499,"rawStScoreError":-1.0,"rawStWrError":-0.5,"rawVarTimeLeft":-1.0,"rawWinrate":0.359830737,"scoreLead":-7.09331671,"scoreSelfplay":-7.42584406,"scoreStdev":30.9509745,"symHash":"215BAF8265F4950EC41771439410160F","thisHash":"FA2C1B0E252C40AF31EB9DEC2CCCCD34","utility":-0.239520097,"visits":10,"weight":10.0,"winrate":0.386056517},"turnNumber":2}
: MoveNum: 2 HASH: FACB00E9D9004B23F7292DCF3F13D71D
   A B C D E F G
 7 . . . . . . .
 6 . . X2. . . .
 5 . . O1. . . .
 4 . . . . . . .
 3 . . . . . . .
 2 . . . . . . .
 1 . . . . . . .

koPOSITIONALscoreAREAtaxNONEsui1komi4
Root visits: 10
New playouts: 10
NN rows: 20
NN batches: 20
NN avg batch size: 1
PV: D5 D3 E3
Tree:
: T  90.87c W  98.46c S  -5.19c (+19.9 L +11.4) N      10  --  D5 D3 E3
---White(^)---
D5  : T  87.69c W  98.03c S  -8.93c (+17.8 L +10.7) LCB   65.03c P 69.46% WF   6.0 PSV       6 N       6  --  D5 D3 E3
D4  : T  89.08c W  98.99c S  -5.19c (+19.9 L +10.5) LCB   13.70c P 25.97% WF   3.0 PSV       2 N       3  --  D4 D5 C4

: Response: {"humanPolicy":[6.8532514e-05,0.000206587429,0.00156200689,0.000466187746,5.95466736e-05,3.01603013e-05,5.50037003e-05,0.000149297906,0.0814730003,-1.0,0.346875578,0.00149605062,0.000224090341,2.27691198e-05,0.00015061711,0.00591914821,-1.0,0.158983663,0.0878038853,0.000238667722,2.85824699e-05,6.11590367e-05,0.000628023292,0.0139201274,0.101956092,0.0379169658,0.000209244899,2.03933159e-05,4.86153658e-05,0.000366564578,0.0511544272,0.0423489362,0.0635811985,0.000125638922,1.65541023e-05,2.75333277e-05,0.000251878722,0.000483269891,0.000478744158,0.000192444437,0.000173393462,1.47026012e-05,4.67729187e-05,2.05624983e-05,4.02685946e-05,2.11994247e-05,1.74497181e-05,1.21470393e-05,3.77736505e-05,1.43806428e-05],"id":"foo","isDuringSearch":false,"moveInfos":[{"edgeVisits":6,"edgeWeight":6.0,"humanPrior":0.158983663,"lcb":0.909191471,"move":"D5","order":0,"playSelectionValue":6.0,"prior":0.694565475,"pv":["D5","D3","E3"],"scoreLead":10.6783171,"scoreMean":10.6783171,"scoreSelfplay":17.8139552,"scoreStdev":10.1134704,"utility":0.876929404,"utilityLcb":0.650286564,"visits":6,"weight":6.0,"winrate":0.990135342},{"edgeVisits":3,"edgeWeight":3.0,"humanPrior":0.101956092,"lcb":0.72573007,"move":"D4","order":1,"playSelectionValue":2.0,"prior":0.259711921,"pv":["D4","D5","C4"],"scoreLead":10.455622,"scoreMean":10.455622,"scoreSelfplay":19.9360285,"scoreStdev":11.2103155,"utility":0.890793557,"utilityLcb":0.136973266,"visits":3,"weight":3.0,"winrate":0.994951603}],"ownership":[0.377942,0.472767,0.4003,0.413165,0.359378,0.27023200000000003,0.201767,0.446251,0.451874,0.323767,0.481855,0.429497,0.307447,0.200317,0.359609,0.488652,0.890921,0.672879,0.373468,0.288695,0.192807,0.361153,0.47786,0.454406,0.433097,0.419135,0.204171,0.162116,0.2459,0.251123,0.382398,-0.169263,0.115129,0.089986,0.078661,0.14586,0.100936,-0.016196,-0.091374,-0.029922,-0.061258,-0.030776,0.048053,-0.013107,-0.058463,-0.087744,-0.095747,-0.123634,-0.098815],"policy":[2.45126812e-05,4.53396424e-05,3.74942611e-05,3.43084357e-05,3.60407248e-05,5.78028339e-05,4.13652124e-05,4.4036482e-05,0.000717952964,-1.0,0.00892120413,7.73466018e-05,8.56522893e-05,6.14143719e-05,4.39957657e-05,0.000144042657,-1.0,0.694565475,0.00568649685,9.5607902e-05,5.26886834e-05,4.51406195e-05,0.00020553598,0.00267840363,0.259711921,0.0210647453,9.01256572e-05,5.49798133e-05,5.02935909e-05,6.6292072e-05,0.000613174867,0.00346215745,0.000253245409,6.43666717e-05,4.3127242e-05,4.06488616e-05,7.46678634e-05,9.71143381e-05,7.26482758e-05,7.07185172e-05,6.57161145e-05,4.82190844e-05,4.49979198e-05,4.69265979e-05,4.99573434e-05,4.61749296e-05,4.29231513e-05,4.88090627e-05,3.7499376e-05,3.69297632e-05],"rootInfo":{"currentPlayer":"W","humanScoreMean":13.7471771,"humanScoreStdev":16.5716131,"humanStScoreError":1.74258947,"humanStWrError":0.00400815438,"humanWinrate":0.820694029,"rawLead":18.2440147,"rawNoResultProb":0.0,"rawScoreSelfplay":32.5127831,"rawScoreSelfplayStdev":9.45830141,"rawStScoreError":-1.0,"rawStWrError":-0.5,"rawVarTimeLeft":-1.0,"rawWinrate":0.997112572,"scoreLead":11.4694624,"scoreSelfplay":19.9187302,"scoreStdev":11.2530822,"symHash":"142D62B902727ED7A147F45224109E72","thisHash":"290AC1DB39349793CE09682AF7CA6A6E","utility":0.91071046,"visits":10,"weight":10.0,"winrate":0.991980869},"turnNumber":2}
: MoveNum: 3 HASH: 1ACE111AC9EBF428362D9F3D03459891
   A B C D E F G
 7 . . O3. . . .
 6 . . X2. . . .
 5 . . O1. . . .
 4 . . . . . . .
 3 . . . . . . .
 2 . . . . . . .
 1 . . . . . . .

koPOSITIONALscoreAREAtaxNONEsui1komi4
Root visits: 10
New playouts: 10
NN rows: 30
NN batches: 30
NN avg batch size: 1
PV: D5 D6 D4
Tree:
: T -36.41c W -33.00c S  -2.93c ( -2.8 L  -1.9) N      10  --  D5 D6 D4
---Black(^)---
D5  : T -29.18c W -28.71c S  -2.60c ( -2.6 L  -1.7) LCB  -48.20c P 61.19% WF   7.2 PSV       7 N       7  --  D5 D6 D4
D4  : T -75.49c W -58.79c S  -5.61c ( -4.3 L  -2.9) LCB -230.39c P 31.06% WF   1.8 PSV       1 N       2  --  D4 D5

: Response: {"humanPolicy":[0.000851746125,0.127457246,-1.0,0.290723771,0.00103511778,0.000131353445,0.000182523494,0.000744566962,0.0876242891,-1.0,0.29350093,0.00309112808,0.00027531918,4.34384674e-05,0.000228159377,0.0282745771,-1.0,0.0847668871,0.00412214454,0.000126389161,3.98673474e-05,0.000125133025,0.000821992406,0.0288012531,0.0199274775,0.00275343074,7.41614931e-05,2.86719169e-05,5.41199843e-05,0.000223160969,0.0101818508,0.00428199489,0.00829238165,7.52623673e-05,2.76492974e-05,3.60423328e-05,9.99662734e-05,0.000115708048,0.000113704198,0.00010062199,0.000136530361,2.7795315e-05,0.000160349926,3.38206846e-05,3.96741016e-05,3.15585166e-05,3.04746773e-05,2.85493243e-05,0.000145741098,1.12336102e-05],"id":"foo","isDuringSearch":false,"moveInfos":[{"edgeVisits":7,"edgeWeight":7.0,"humanPrior":0.0847668871,"lcb":0.288517205,"move":"D5","order":0,"playSelectionValue":7.0,"prior":0.611869872,"pv":["D5","D6","D4"],"scoreLead":-1.68944386,"scoreMean":-1.68944386,"scoreSelfplay":-2.63191628,"scoreStdev":13.3786013,"utility":-0.291823583,"utilityLcb":-0.482014231,"visits":7,"weight":7.0,"winrate":0.356442437},{"edgeVisits":2,"edgeWeight":2.0,"humanPrior":0.0199274775,"lcb":-0.347162644,"move":"D4","order":1,"playSelectionValue":1.0,"prior":0.3105883,"pv":["D4","D5"],"scoreLead":-2.94396132,"scoreMean":-2.94396132,"scoreSelfplay":-4.28750277,"scoreStdev":12.2465163,"utility":-0.754909231,"utilityLcb":-2.30394158,"visits":2,"weight":2.0,"winrate":0.206063194}],"ownership":[-0.142099,-0.243802,-0.272936,-0.139965,0.0863,0.043364,0.12759,-0.246906,-0.176236,-0.030148,-0.233401,0.123242,0.084212,0.08648,-0.184821,-0.325474,-0.622555,0.614399,0.090018,0.131714,0.094249,-0.069393,-0.064795,0.208642,-0.029993,0.099,0.182083,0.084714,-0.004184,0.023694,0.079419,0.066587,0.113217,0.11139,0.086182,0.03653,0.070787,0.069801,0.09953,0.071545,0.108043,0.073727,0.052562,0.055704,0.05609,0.054365,0.059742,0.072039,0.094386],"policy":[5.89876217e-05,0.000463276781,-1.0,7.60883122e-05,0.000104175611,0.000134977279,0.000122097626,0.000133292066,0.000263724185,-1.0,0.0278971698,0.000224754127,0.000138805786,0.000141826575,7.09852466e-05,0.000756553025,-1.0,0.611869872,0.0193321239,0.000146271705,0.000114086339,8.75105761e-05,0.000113287933,0.00352843432,0.3105883,0.0127788801,0.000119412638,0.000118686927,9.61888654e-05,0.000180472154,0.000805979245,0.00698697986,0.000630691473,0.000136403425,0.000105757324,0.000123869671,0.000109672452,0.00014083604,0.000113945309,0.000139253942,0.000116703748,0.000113769951,0.00012628267,0.000120401666,9.43240884e-05,0.000104535771,9.90025001e-05,0.000105323918,0.000105322106,6.0849703e-05],"rootInfo":{"currentPlayer":"B","humanScoreMean":-3.75376749,"humanScoreStdev":19.010889,"humanStScoreError":2.56410551,"humanStWrError":0.0267940909,"humanWinrate":0.341587007,"rawLead":-1.49350166,"rawNoResultProb":0.0,"rawScoreSelfplay":-1.61118054,"rawScoreSelfplayStdev":13.9590443,"rawStScoreError":-1.0,"rawStWrError":-0.5,"rawVarTimeLeft":-1.0,"rawWinrate":0.409414291,"scoreLead":-1.80706334,"scoreSelfplay":-2.70245525,"scoreStdev":13.3394943,"symHash":"478E9637C4E9D7DD298C5EDA99EA7431","thisHash":"90E43B353BA64F45F3186642D389E6E7","utility":-0.331982497,"visits":10,"weight":10.0,"winrate":0.345619394},"turnNumber":3}
: MoveNum: 3 HASH: 1ACE111AC9EBF428362D9F3D03459891
   A B C D E F G
 7 . . O3. . . .
 6 . . X2. . . .
 5 . . O1. . . .
 4 . . . . . . .
 3 . . . . . . .
 2 . . . . . . .
 1 . . . . . . .

koPOSITIONALscoreAREAtaxNONEsui1komi4
Root visits: 20
New playouts: 20
NN rows: 40
NN batches: 40
NN avg batch size: 1
PV: D5 D4 C4 B5 E4
Tree:
: T -46.50c W -39.91c S  -3.31c ( -3.0 L  -1.9) N      20  --  D5 D4 C4 B5 E4
---Black(^)---
D5  : T -45.78c W -38.35c S  -3.16c ( -2.9 L  -1.8) LCB  -77.75c P 61.19% WF  16.1 PSV      16 N      16  --  D5 D4 C4 B5 E4
D4  : T -60.02c W -56.25c S  -5.08c ( -4.0 L  -2.6) LCB -138.73c P 31.06% WF   2.9 PSV       3 N       3  --  D4 D5 E5

: Response: {"humanPolicy":[0.000851746125,0.127457246,-1.0,0.290723771,0.00103511778,0.000131353445,0.000182523494,0.000744566962,0.0876242891,-1.0,0.29350093,0.00309112808,0.00027531918,4.34384674e-05,0.000228159377,0.0282745771,-1.0,0.0847668871,0.00412214454,0.000126389161,3.98673474e-05,0.000125133025,0.000821992406,0.0288012531,0.0199274775,0.00275343074,7.41614931e-05,2.86719169e-05,5.41199843e-05,0.000223160969,0.0101818508,0.00428199489,0.00829238165,7.52623673e-05,2.76492974e-05,3.60423328e-05,9.99662734e-05,0.000115708048,0.000113704198,0.00010062199,0.000136530361,2.7795315e-05,0.000160349926,3.38206846e-05,3.96741016e-05,3.15585166e-05,3.04746773e-05,2.85493243e-05,0.000145741098,1.12336102e-05],"id":"foo","isDuringSearch":false,"moveInfos":[{"edgeVisits":16,"edgeWeight":16.0,"humanPrior":0.0847668871,"lcb":0.194125217,"move":"D5","order":0,"playSelectionValue":16.0,"prior":0.611869872,"pv":["D5","D4","C4","B5","E4"],"scoreLead":-1.82045814,"scoreMean":-1.82045814,"scoreSelfplay":-2.93026188,"scoreStdev":12.9008442,"utility":-0.457843619,"utilityLcb":-0.777459018,"visits":16,"weight":16.0,"winrate":0.308273574},{"edgeVisits":3,"edgeWeight":3.0,"humanPrior":0.0199274775,"lcb":-0.0623583629,"move":"D4","order":1,"playSelectionValue":3.0,"prior":0.3105883,"pv":["D4","D5","E5"],"scoreLead":-2.59051073,"scoreMean":-2.59051073,"scoreSelfplay":-3.97172753,"scoreStdev":12.1974318,"utility":-0.600198616,"utilityLcb":-1.38729069,"visits":3,"weight":3.0,"winrate":0.218745951}],"ownership":[-0.076719,-0.180022,-0.230962,-0.093136,0.035471,0.001336,0.072164,-0.175728,0.00397,0.087705,-0.183842,0.104587,0.068302,0.056484,-0.133463,-0.267239,-0.490528,0.702766,0.24603,0.129824,0.073885,-0.071583,-0.037743,0.122041,-0.085872,0.131756,0.173389,0.083134,-0.024742,-0.026809,0.033907,-0.007395,0.093199,0.100551,0.094527,0.016778,0.033111,0.015197,0.081605,0.055697,0.105103,0.090373,0.028378,0.052353,0.040763,0.045338,0.059732,0.099192,0.11461],"ownershipStdev":[0.392173,0.34939,0.347711,0.330874,0.313727,0.285423,0.23961,0.342145,0.507263,0.471809,0.472413,0.303737,0.303759,0.240428,0.274817,0.300723,0.354143,0.266437,0.250787,0.202237,0.167043,0.201967,0.219803,0.387215,0.610181,0.243302,0.168951,0.173308,0.180843,0.228597,0.263629,0.316567,0.194779,0.209386,0.166529,0.148998,0.180961,0.188983,0.181742,0.186964,0.167829,0.144764,0.132541,0.171324,0.149551,0.134604,0.129072,0.164159,0.129285],"policy":[5.89876217e-05,0.000463276781,-1.0,7.60883122e-05,0.000104175611,0.000134977279,0.000122097626,0.000133292066,0.000263724185,-1.0,0.0278971698,0.000224754127,0.000138805786,0.000141826575,7.09852466e-05,0.000756553025,-1.0,0.611869872,0.0193321239,0.000146271705,0.000114086339,8.75105761e-05,0.000113287933,0.00352843432,0.3105883,0.0127788801,0.000119412638,0.000118686927,9.61888654e-05,0.000180472154,0.000805979245,0.00698697986,0.000630691473,0.000136403425,0.000105757324,0.000123869671,0.000109672452,0.00014083604,0.000113945309,0.000139253942,0.000116703748,0.000113769951,0.00012628267,0.000120401666,9.43240884e-05,0.000104535771,9.90025001e-05,0.000105323918,0.000105322106,6.0849703e-05],"rootInfo":{"currentPlayer":"B","humanScoreMean":-3.75376749,"humanScoreStdev":19.010889,"humanStScoreError":2.56410551,"humanStWrError":0.0267940909,"humanWinrate":0.341587007,"rawLead":-1.49350166,"rawNoResultProb":0.0,"rawScoreSelfplay":-1.61118054,"rawScoreSelfplayStdev":13.9590443,"rawStScoreError":-1.0,"rawStWrError":-0.5,"rawVarTimeLeft":-1.0,"rawWinrate":0.409414291,"scoreLead":-1.9196182,"scoreSelfplay":-3.02052766,"scoreStdev":12.8625939,"symHash":"478E9637C4E9D7DD298C5EDA99EA7431","thisHash":"90E43B353BA64F45F3186642D389E6E7","utility":-0.465813096,"visits":20,"weight":20.0,"winrate":0.299901466},"turnNumber":3}
: MoveNum: 0 HASH: 7C3EA13775959FA409A2D2A8D5377659
   A B C D E F G H J K L M N O P Q R S T
19 . . . . . . . . . . . . . . . . X . .
18 . . . . . . . . . . O . O X X X O X .
17 . . . O . X . . O . O . O X O O O O .
16 . . . O . . . . . . X X X O X X X X .
15 . . . . . . . . . . . . . O . . . . .
14 . . . O . . . . . . . . . . . . . . .
13 . . . . . . . . . . . . . . . . . . .
12 . . . . . . . . . . . . . . . . . . .
11 . . . . . . . . . . . . . . . . . . .
10 . . . . . . . . . . . . . . . . . . .
 9 . . . . . . . . . . . . . . . X . . .
 8 . O O . . O X . . . . . . . . . . . .
 7 O O O O . . . . . . . . . . . . . . .
 6 X X X X O O X . . . . . . . . . . . .
 5 X O O O X X X . . . . . . . . . . . .
 4 X X X O X . . . . . . . . . . . O . .
 3 X . X O O X X X X X . X . . . X X . .
 2 . O X O O O O O O X O X . . . . . . .
 1 X X X X O . . . . O . . . . . . . . .

koPOSITIONALscoreAREAtaxNONEsui1komi7.5
Root visits: 7
New playouts: 30
NN rows: 68
NN batches: 68
NN avg batch size: 1
PV: K16 L14 K15 M13
Tree:
: T  36.95c W  34.04c S   1.94c ( +6.8 L  +8.9) N       7  --  K16 L14 K15 M13
---White(^)---
K16 : T  36.72c W  33.52c S   1.86c ( +6.7 L  +8.8) LCB   -6.91c P 29.97% WF   4.0 PSV       4 N       4  --  K16 L14 K15 M13
R7  : T  38.90c W  35.81c S   2.36c ( +7.4 L  +9.4) LCB -111.13c P 14.36% WF   2.0 PSV       2 N       3  --  R7 R8 Q7
Q4  : T  26.49c W  26.41c S   0.99c ( +5.4 L  +7.4) LCB -1400.00c P  3.16% WF   0.0 PSV       0 N       7  --  Q4 R7 P3 P2 O2
G9  : T  34.45c W  32.54c S   1.91c ( +6.7 L  +8.3) LCB -1400.00c P  1.84% WF   0.0 PSV       0 N       1  --  G9
S3  : T  34.59c W  32.96c S   1.64c ( +6.4 L  +8.5) LCB -1400.00c P  0.70% WF   0.0 PSV       0 N       2  --  S3 S2
A2  : T -10.19c W  -6.58c S  -3.60c ( -1.2 L  +1.1) LCB -1400.00c P  0.61% WF   0.0 PSV       0 N       1  --  A2
R6  : T  33.91c W  32.05c S   1.86c ( +6.6 L  +8.5) LCB -1400.00c P  0.50% WF   0.0 PSV       0 N       1  --  R6
G7  : T  15.18c W  16.18c S  -1.00c ( +2.6 L  +4.7) LCB -1400.00c P  0.02% WF   0.0 PSV       0 N       1  --  G7
F9  : T  20.60c W  21.01c S  -0.41c ( +3.4 L  +5.0) LCB -1400.00c P  0.01% WF   0.0 PSV       0 N       1  --  F9
S4  : T  21.54c W  21.79c S  -0.25c ( +3.7 L  +5.9) LCB -1400.00c P  0.01% WF   0.0 PSV       0 N       1  --  S4

: Response: {"id":"foo","isDuringSearch":false,"moveInfos":[{"edgeVisits":4,"edgeWeight":4.0,"humanPrior":0.0369361378,"lcb":0.511801569,"move":"K16","order":0,"playSelectionValue":4.42798242,"prior":0.299685478,"pv":["K16","L14","K15","M13"],"scoreLead":8.79723382,"scoreMean":8.79723382,"scoreSelfplay":6.67245328,"scoreStdev":29.3861004,"utility":0.367228969,"utilityLcb":-0.0690719516,"visits":4,"weight":4.0,"winrate":0.667623326},{"edgeVisits":2,"edgeWeight":2.0,"humanPrior":0.0705922395,"lcb":0.143228822,"move":"R7","order":1,"playSelectionValue":2.0,"prior":0.143575132,"pv":["R7","R8","Q7"],"scoreLead":9.39417775,"scoreMean":9.39417775,"scoreSelfplay":7.38763126,"scoreStdev":29.3244352,"utility":0.388984043,"utilityLcb":-1.11125292,"visits":3,"weight":3.0,"winrate":0.679027736},{"edgeVisits":0,"edgeWeight":0.0,"humanPrior":0.196338728,"lcb":-4.36794926,"move":"Q4","order":2,"playSelectionValue":0.0,"prior":0.0316022858,"pv":["Q4","R7","P3","P2","O2"],"scoreLead":7.44527121,"scoreMean":7.44527121,"scoreSelfplay":5.44611686,"scoreStdev":30.4187331,"utility":0.264873232,"utilityLcb":-14.0,"visits":7,"weight":7.0,"winrate":0.632050739},{"edgeVisits":0,"edgeWeight":0.0,"humanPrior":0.0410737172,"lcb":-4.33730936,"move":"G9","order":3,"playSelectionValue":0.0,"prior":0.0183540396,"pv":["G9"],"scoreLead":8.32439518,"scoreMean":8.32439518,"scoreSelfplay":6.73196697,"scoreStdev":29.052379,"utility":0.344503642,"utilityLcb":-14.0,"visits":1,"weight":1.0,"winrate":0.662690639},{"edgeVisits":0,"edgeWeight":0.0,"humanPrior":0.0667682812,"lcb":-4.33519801,"move":"S3","order":4,"playSelectionValue":0.0,"prior":0.00703359302,"pv":["S3","S2"],"scoreLead":8.50847101,"scoreMean":8.50847101,"scoreSelfplay":6.37730646,"scoreStdev":29.9662276,"utility":0.345925534,"utilityLcb":-14.0,"visits":2,"weight":2.0,"winrate":0.664801985},{"edgeVisits":0,"edgeWeight":0.0,"humanPrior":0.0245234072,"lcb":-4.53292416,"move":"A2","order":5,"playSelectionValue":0.0,"prior":0.00614841655,"pv":["A2"],"scoreLead":1.11248899,"scoreMean":1.11248899,"scoreSelfplay":-1.22958529,"scoreStdev":29.7755595,"utility":-0.101886834,"utilityLcb":-14.0,"visits":1,"weight":1.0,"winrate":0.46707584},{"edgeVisits":0,"edgeWeight":0.0,"humanPrior":0.0320935398,"lcb":-4.33976446,"move":"R6","order":6,"playSelectionValue":0.0,"prior":0.00500345137,"pv":["R6"],"scoreLead":8.54394341,"scoreMean":8.54394341,"scoreSelfplay":6.62741661,"scoreStdev":28.4207414,"utility":0.339082029,"utilityLcb":-14.0,"visits":1,"weight":1.0,"winrate":0.660235539},{"edgeVisits":0,"edgeWeight":0.0,"humanPrior":0.0373049751,"lcb":-4.41908848,"move":"G7","order":7,"playSelectionValue":0.0,"prior":0.000152199646,"pv":["G7"],"scoreLead":4.65120649,"scoreMean":4.65120649,"scoreSelfplay":2.57172012,"scoreStdev":29.3902568,"utility":0.151831892,"utilityLcb":-14.0,"visits":1,"weight":1.0,"winrate":0.580911517},{"edgeVisits":0,"edgeWeight":0.0,"humanPrior":0.0294362977,"lcb":-4.39493978,"move":"F9","order":8,"playSelectionValue":0.0,"prior":0.000124946251,"pv":["F9"],"scoreLead":4.99242735,"scoreMean":4.99242735,"scoreSelfplay":3.42224979,"scoreStdev":28.9192211,"utility":0.205989478,"utilityLcb":-14.0,"visits":1,"weight":1.0,"winrate":0.60506022},{"edgeVisits":0,"edgeWeight":0.0,"humanPrior":0.0254717749,"lcb":-4.391065,"move":"S4","order":9,"playSelectionValue":0.0,"prior":7.54557477e-05,"pv":["S4"],"scoreLead":5.91228962,"scoreMean":5.91228962,"scoreSelfplay":3.65786338,"scoreStdev":29.076247,"utility":0.215414424,"utilityLcb":-14.0,"visits":1,"weight":1.0,"winrate":0.608934999},{"edgeVisits":0,"edgeWeight":0.0,"humanPrior":0.0632820502,"lcb":-4.47384817,"move":"L3","order":10,"playSelectionValue":0.0,"prior":4.16172843e-05,"pv":["L3","L4"],"scoreLead":2.22560197,"scoreMean":2.22560197,"scoreSelfplay":0.172287226,"scoreStdev":29.9180222,"utility":0.0259623095,"utilityLcb":-14.0,"visits":2,"weight":2.0,"winrate":0.526151828},{"edgeVisits":0,"edgeWeight":0.0,"humanPrior":0.0475994758,"lcb":-4.54458232,"move":"M1","order":11,"playSelectionValue":0.0,"prior":2.34232793e-05,"pv":["M1"],"scoreLead":0.337417722,"scoreMean":0.337417722,"scoreSelfplay":-1.90805936,"scoreStdev":29.6130851,"utility":-0.129984455,"utilityLcb":-14.0,"visits":1,"weight":1.0,"winrate":0.455417678},{"edgeVisits":0,"edgeWeight":0.0,"humanPrior":0.0432989076,"lcb":-4.54900233,"move":"L1","order":12,"playSelectionValue":0.0,"prior":1.39735594e-05,"pv":["L1"],"scoreLead":0.407195538,"scoreMean":0.407195538,"scoreSelfplay":-1.80987,"scoreStdev":29.6091906,"utility":-0.138156115,"utilityLcb":-14.0,"visits":1,"weight":1.0,"winrate":0.450997666},{"edgeVisits":0,"edgeWeight":0.0,"humanPrior":0.0246612448,"lcb":-4.56234586,"move":"J1","order":13,"playSelectionValue":0.0,"prior":6.93792072e-06,"pv":["J1"],"scoreLead":-0.0949975699,"scoreMean":-0.0949975699,"scoreSelfplay":-2.14298463,"scoreStdev":29.349813,"utility":-0.167368282,"utilityLcb":-14.0,"visits":1,"weight":1.0,"winrate":0.437654138}],"rootInfo":{"currentPlayer":"W","humanScoreMean":28.7691612,"humanScoreStdev":53.3551875,"humanStScoreError":5.88293743,"humanStWrError":0.210937127,"humanWinrate":0.690163001,"rawLead":8.56816196,"rawNoResultProb":0.0,"rawScoreSelfplay":6.07432127,"rawScoreSelfplayStdev":30.5719969,"rawStScoreError":-1.0,"rawStWrError":-0.5,"rawVarTimeLeft":-1.0,"rawWinrate":0.662833557,"scoreLead":8.93506468,"scoreSelfplay":6.79134242,"scoreStdev":29.5440237,"symHash":"1A326E1983022DB5AB1F2B942BB7BC2D","thisHash":"AFFF600595A143143082974D1DEECB2A","utility":0.369524169,"visits":7,"weight":7.0,"winrate":0.670197476},"turnNumber":0}
: tests/models/g170-b6c96-s175395328-d26788732.bin.gz
: NN rows: 68
: NN batches: 68
: NN avg batch size: 1
: models/b18c384nbt-humanv0.bin.gz
: NN rows: 4
: NN batches: 4
: NN avg batch size: 1
: GPU -1 finishing, processed 68 rows 68 batches
: GPU -1 finishing, processed 4 rows 4 batches
: All cleaned up, quitting
