: Running with following config:
cudaUseFP16 = false
cudaUseNHWC = false
forDeterministicTesting = true
logAllRequests = true
logAllResponses = true
logFile = tests/results/analysis/symmetry.txt.log
logSearchInfo = true
logTimeStamp = false
maxPlayouts = 10000
maxVisits = 100
nnCacheSizePowerOfTwo = 23
nnMaxBatchSize = 64
nnMutexPoolSizePowerOfTwo = 17
nnRandSeed = analysisTest
nnRandomize = false
numAnalysisThreads = 1
numSearchThreads = 1
openclUseFP16 = false
reportAnalysisWinratesAs = BLACK
rootSymmetryPruning = false
trtUseFP16 = false

: Analysis Engine starting...
: KataGo v1.16.4
: nnRandSeed0 = analysisTest
: After dedups: nnModelFile0 = tests/models/g170-b6c96-s175395328-d26788732.bin.gz useFP16 false useNHWC false
: Initializing neural net buffer to be size 19 * 19 allowing smaller boards
: Cuda backend thread 0: Found GPU NVIDIA RTX A5000 memory 25425608704 compute capability major 8 minor 6
: Cuda backend thread 0: Model version 8 useFP16 = false useNHWC = false
: Cuda backend thread 0: Model name: g170-b6c96-s175395328-d26788732
: Loaded config configs/analysis_example.cfg and/or command-line and query overrides
: Loaded model tests/models/g170-b6c96-s175395328-d26788732.bin.gz
: Config override: cudaUseFP16 = false
: Config override: cudaUseNHWC = false
: Config override: forDeterministicTesting = true
: Config override: logAllRequests = true
: Config override: logAllResponses = true
: Config override: logDir = 
: Config override: logFile = tests/results/analysis/symmetry.txt.log
: Config override: logSearchInfo = true
: Config override: logTimeStamp = false
: Config override: maxPlayouts = 10000
: Config override: maxVisits = 100
: Config override: nnRandSeed = analysisTest
: Config override: nnRandomize = false
: Config override: numAnalysisThreads = 1
: Config override: numSearchThreadsPerAnalysisThread = 1
: Config override: openclUseFP16 = false
: Config override: rootSymmetryPruning = false
: Config override: trtUseFP16 = false
: Analyzing up to 1 positions at a time in parallel
: Started, ready to begin handling requests
: Request: {"id":"empty","initialStones":[],"moves":[],"rules":"tromp-taylor","komi":7.5,"boardXSize":19,"boardYSize":19,"overrideSettings":{"maxVisits":10}}
: Request: {"id":"diag","initialStones":[],"moves":[["B","D4"]],"rules":"tromp-taylor","komi":7.5,"boardXSize":19,"boardYSize":19,"overrideSettings":{"maxVisits":10}}
: Request: {"id":"nosym","initialStones":[],"moves":[["B","D3"]],"rules":"tromp-taylor","komi":7.5,"boardXSize":19,"boardYSize":19,"overrideSettings":{"maxVisits":10}}
: Request: {"id":"rect","initialStones":[],"moves":[],"rules":"tromp-taylor","komi":7.5,"boardXSize":13,"boardYSize":7,"overrideSettings":{"maxVisits":10},"includeMovesOwnership":true,"includeOwnership":true}
: Request: {"id":"rect2","initialStones":[],"moves":[],"rules":"tromp-taylor","komi":7.5,"boardXSize":7,"boardYSize":13,"overrideSettings":{"maxVisits":10},"includeMovesOwnership":true,"includeOwnership":true}
: Request: {"id":"rect3","initialStones":[],"moves":[],"rules":"tromp-taylor","komi":7.5,"boardXSize":7,"boardYSize":13,"overrideSettings":{"maxVisits":20},"includeMovesOwnership":true,"includeOwnership":true}
: Request: {"id":"rect4","initialStones":[],"moves":[],"rules":"tromp-taylor","komi":7.5,"boardXSize":7,"boardYSize":13,"overrideSettings":{"maxVisits":20},"includeMovesOwnershipStdev":true,"includeOwnershipStdev":true}
: MoveNum: 0 HASH: CDCBC1F514D7E680FACD226074256633
   A B C D E F G H J K L M N O P Q R S T
19 . . . . . . . . . . . . . . . . . . .
18 . . . . . . . . . . . . . . . . . . .
17 . . . . . . . . . . . . . . . . . . .
16 . . . . . . . . . . . . . . . . . . .
15 . . . . . . . . . . . . . . . . . . .
14 . . . . . . . . . . . . . . . . . . .
13 . . . . . . . . . . . . . . . . . . .
12 . . . . . . . . . . . . . . . . . . .
11 . . . . . . . . . . . . . . . . . . .
10 . . . . . . . . . . . . . . . . . . .
 9 . . . . . . . . . . . . . . . . . . .
 8 . . . . . . . . . . . . . . . . . . .
 7 . . . . . . . . . . . . . . . . . . .
 6 . . . . . . . . . . . . . . . . . . .
 5 . . . . . . . . . . . . . . . . . . .
 4 . . . . . . . . . . . . . . . . . . .
 3 . . . . . . . . . . . . . . . . . . .
 2 . . . . . . . . . . . . . . . . . . .
 1 . . . . . . . . . . . . . . . . . . .

koPOSITIONALscoreAREAtaxNONEsui1komi7.5
Root visits: 10
New playouts: 10
NN rows: 10
NN batches: 10
NN avg batch size: 1
PV: Q3 R16 D3 D17
Tree:
: T  -0.33c W  -0.60c S   0.19c ( -0.0 L  +0.1) N      10  --  Q3 R16 D3 D17
---Black(^)---
Q3  : T   0.87c W   0.32c S   0.36c ( +0.2 L  +0.3) LCB  -42.29c P  8.99% WF   4.0 PSV       5 N       4  --  Q3 R16 D3 D17
R4  : T  -1.31c W  -1.33c S   0.02c ( -0.3 L  -0.2) LCB -150.64c P  8.89% WF   2.0 PSV       2 N       2  --  R4 R16
Q17 : T  -1.37c W  -1.42c S   0.05c ( -0.3 L  -0.1) LCB -150.60c P  8.74% WF   2.0 PSV       2 N       2  --  Q17 D3
C4  : T   4.14c W   3.68c S   0.45c ( +0.3 L  +0.0) LCB -345.86c P  8.60% WF   1.0 PSV       1 N       1  --  C4

: Response: {"id":"empty","isDuringSearch":false,"moveInfos":[{"edgeVisits":4,"edgeWeight":4.0,"lcb":0.347440015,"move":"Q3","order":0,"playSelectionValue":4.54212789,"prior":0.0898519158,"pv":["Q3","R16","D3","D17"],"scoreLead":0.310715266,"scoreMean":0.310715266,"scoreSelfplay":0.195064358,"scoreStdev":30.6140462,"utility":0.00872657909,"utilityLcb":-0.422926868,"visits":4,"weight":4.0,"winrate":0.501601961},{"edgeVisits":2,"edgeWeight":2.0,"lcb":-0.0399936028,"move":"R4","order":1,"playSelectionValue":2.0,"prior":0.0889108479,"pv":["R4","R16"],"scoreLead":-0.163747974,"scoreMean":-0.163747974,"scoreSelfplay":-0.295903832,"scoreStdev":30.7551225,"utility":-0.0130793058,"utilityLcb":-1.5064367,"visits":2,"weight":2.0,"winrate":0.493348323},{"edgeVisits":2,"edgeWeight":2.0,"lcb":-0.0400463951,"move":"Q17","order":2,"playSelectionValue":2.0,"prior":0.087358892,"pv":["Q17","D3"],"scoreLead":-0.108917817,"scoreMean":-0.108917817,"scoreSelfplay":-0.257352814,"scoreStdev":30.8637308,"utility":-0.0136513996,"utilityLcb":-1.50597038,"visits":2,"weight":2.0,"winrate":0.492924668},{"edgeVisits":1,"edgeWeight":1.0,"lcb":-0.731587819,"move":"C4","order":3,"playSelectionValue":1.0,"prior":0.0860261694,"pv":["C4"],"scoreLead":0.0174138136,"scoreMean":0.0174138136,"scoreSelfplay":0.34486264,"scoreStdev":31.2249973,"utility":0.0413533404,"utilityLcb":-3.45864668,"visits":1,"weight":1.0,"winrate":0.518412188}],"rootInfo":{"currentPlayer":"B","rawLead":-0.0361211784,"rawNoResultProb":0.0,"rawScoreSelfplay":-0.502035618,"rawScoreSelfplayStdev":31.2238158,"rawStScoreError":-1.0,"rawStWrError":-0.5,"rawVarTimeLeft":-1.0,"rawWinrate":0.472509012,"scoreLead":0.0678822115,"scoreSelfplay":-0.0483428836,"scoreStdev":30.8164058,"symHash":"47E1EBDAE69A5DED3FF8DB1FA4E91845","thisHash":"47E1EBDAE69A5DED3FF8DB1FA4E91845","utility":-0.00333389791,"visits":10,"weight":10.0,"winrate":0.496987502},"turnNumber":0}
: MoveNum: 1 HASH: 20D027FF3D8F63642B79C3F658C233F1
   A B C D E F G H J K L M N O P Q R S T
19 . . . . . . . . . . . . . . . . . . .
18 . . . . . . . . . . . . . . . . . . .
17 . . . . . . . . . . . . . . . . . . .
16 . . . . . . . . . . . . . . . . . . .
15 . . . . . . . . . . . . . . . . . . .
14 . . . . . . . . . . . . . . . . . . .
13 . . . . . . . . . . . . . . . . . . .
12 . . . . . . . . . . . . . . . . . . .
11 . . . . . . . . . . . . . . . . . . .
10 . . . . . . . . . . . . . . . . . . .
 9 . . . . . . . . . . . . . . . . . . .
 8 . . . . . . . . . . . . . . . . . . .
 7 . . . . . . . . . . . . . . . . . . .
 6 . . . . . . . . . . . . . . . . . . .
 5 . . . . . . . . . . . . . . . . . . .
 4 . . . X1. . . . . . . . . . . . . . .
 3 . . . . . . . . . . . . . . . . . . .
 2 . . . . . . . . . . . . . . . . . . .
 1 . . . . . . . . . . . . . . . . . . .

koPOSITIONALscoreAREAtaxNONEsui1komi7.5
Root visits: 10
New playouts: 10
NN rows: 20
NN batches: 20
NN avg batch size: 1
PV: R16 D17
Tree:
: T  -0.52c W  -1.88c S   0.06c ( -0.3 L  -0.0) N      10  --  R16 D17
---White(v)---
R16 : T  -0.18c W  -1.97c S   0.02c ( -0.3 L  -0.0) LCB  148.91c P 13.60% WF   2.0 PSV       2 N       2  --  R16 D17
Q3  : T   0.32c W  -1.42c S   0.17c ( -0.1 L  +0.1) LCB  149.38c P 14.14% WF   2.0 PSV       2 N       2  --  Q3 C16
R4  : T   0.27c W  -1.45c S   0.24c ( +0.0 L  +0.2) LCB  149.32c P 14.12% WF   2.0 PSV       2 N       2  --  R4 D17
Q17 : T   0.25c W  -1.54c S   0.10c ( -0.2 L  +0.0) LCB  149.33c P 12.13% WF   2.0 PSV       2 N       2  --  Q17 D17
D17 : T  -6.33c W  -6.02c S  -0.31c ( -0.8 L  -0.1) LCB  343.67c P 10.28% WF   1.0 PSV       1 N       1  --  D17

: Response: {"id":"diag","isDuringSearch":false,"moveInfos":[{"edgeVisits":2,"edgeWeight":2.0,"lcb":1.02261049,"move":"R16","order":0,"playSelectionValue":2.0100464,"prior":0.136026412,"pv":["R16","D17"],"scoreLead":-0.0367320348,"scoreMean":-0.0367320348,"scoreSelfplay":-0.317883641,"scoreStdev":30.6040878,"utility":-0.00182396081,"utilityLcb":1.48912267,"visits":2,"weight":2.0,"winrate":0.490129553},{"edgeVisits":2,"edgeWeight":2.0,"lcb":1.02524878,"move":"Q3","order":1,"playSelectionValue":2.0,"prior":0.14144063,"pv":["Q3","C16"],"scoreLead":0.127718002,"scoreMean":0.127718002,"scoreSelfplay":-0.0888158381,"scoreStdev":30.4180074,"utility":0.00320761219,"utilityLcb":1.49379946,"visits":2,"weight":2.0,"winrate":0.492894553},{"edgeVisits":2,"edgeWeight":2.0,"lcb":1.02507919,"move":"R4","order":2,"playSelectionValue":2.0,"prior":0.141161293,"pv":["R4","D17"],"scoreLead":0.216066837,"scoreMean":0.216066837,"scoreSelfplay":0.00747233629,"scoreStdev":30.4988469,"utility":0.00273949104,"utilityLcb":1.4931939,"visits":2,"weight":2.0,"winrate":0.49277404},{"edgeVisits":2,"edgeWeight":2.0,"lcb":1.02472605,"move":"Q17","order":3,"playSelectionValue":2.0,"prior":0.121341206,"pv":["Q17","D17"],"scoreLead":0.0440431386,"scoreMean":0.0440431386,"scoreSelfplay":-0.197483599,"scoreStdev":30.6117857,"utility":0.00248870147,"utilityLcb":1.49328418,"visits":2,"weight":2.0,"winrate":0.492299087},{"edgeVisits":1,"edgeWeight":1.0,"lcb":1.71990425,"move":"D17","order":4,"playSelectionValue":1.0,"prior":0.102843054,"pv":["D17"],"scoreLead":-0.123875901,"scoreMean":-0.123875901,"scoreSelfplay":-0.797999799,"scoreStdev":30.182306,"utility":-0.0633268922,"utilityLcb":3.43667313,"visits":1,"weight":1.0,"winrate":0.469904244}],"rootInfo":{"currentPlayer":"W","rawLead":-0.630535364,"rawNoResultProb":0.0,"rawScoreSelfplay":-0.517969608,"rawScoreSelfplayStdev":31.4664092,"rawStScoreError":-1.0,"rawStWrError":-0.5,"rawVarTimeLeft":-1.0,"rawWinrate":0.500042379,"scoreLead":-0.00522193797,"scoreSelfplay":-0.250939089,"scoreStdev":30.594004,"symHash":"04463BE482B52BD708FC9C247BE1C910","thisHash":"F311E6CDDDBBBFD412598613901B8E82","utility":-0.00512052456,"visits":10,"weight":10.0,"winrate":0.490614109},"turnNumber":1}
: MoveNum: 1 HASH: 399178EAA13E7B3665350D3C481B629B
   A B C D E F G H J K L M N O P Q R S T
19 . . . . . . . . . . . . . . . . . . .
18 . . . . . . . . . . . . . . . . . . .
17 . . . . . . . . . . . . . . . . . . .
16 . . . . . . . . . . . . . . . . . . .
15 . . . . . . . . . . . . . . . . . . .
14 . . . . . . . . . . . . . . . . . . .
13 . . . . . . . . . . . . . . . . . . .
12 . . . . . . . . . . . . . . . . . . .
11 . . . . . . . . . . . . . . . . . . .
10 . . . . . . . . . . . . . . . . . . .
 9 . . . . . . . . . . . . . . . . . . .
 8 . . . . . . . . . . . . . . . . . . .
 7 . . . . . . . . . . . . . . . . . . .
 6 . . . . . . . . . . . . . . . . . . .
 5 . . . . . . . . . . . . . . . . . . .
 4 . . . . . . . . . . . . . . . . . . .
 3 . . . X1. . . . . . . . . . . . . . .
 2 . . . . . . . . . . . . . . . . . . .
 1 . . . . . . . . . . . . . . . . . . .

koPOSITIONALscoreAREAtaxNONEsui1komi7.5
Root visits: 10
New playouts: 10
NN rows: 30
NN batches: 30
NN avg batch size: 1
PV: Q3 C16
Tree:
: T   1.22c W  -0.26c S   0.13c ( +0.1 L  +0.3) N      10  --  Q3 C16
---White(v)---
Q3  : T   1.29c W  -0.35c S   0.15c ( +0.2 L  +0.3) LCB  150.34c P 13.45% WF   2.0 PSV       2 N       2  --  Q3 C16
R16 : T   1.89c W  -0.10c S   0.11c ( +0.1 L  +0.3) LCB  151.01c P 13.12% WF   2.0 PSV       2 N       2  --  R16 C16
R4  : T   2.15c W   0.22c S   0.29c ( +0.4 L  +0.5) LCB  151.22c P 12.88% WF   2.0 PSV       2 N       2  --  R4 C16
Q17 : T   2.17c W   0.20c S   0.17c ( +0.2 L  +0.4) LCB  151.27c P 11.66% WF   2.0 PSV       2 N       2  --  Q17 C16
D17 : T  -4.96c W  -4.80c S  -0.16c ( -0.3 L  +0.3) LCB  345.04c P  9.50% WF   1.0 PSV       1 N       1  --  D17

: Response: {"id":"nosym","isDuringSearch":false,"moveInfos":[{"edgeVisits":2,"edgeWeight":2.0,"lcb":1.03057901,"move":"Q3","order":0,"playSelectionValue":2.01993334,"prior":0.134509221,"pv":["Q3","C16"],"scoreLead":0.30962304,"scoreMean":0.30962304,"scoreSelfplay":0.174976736,"scoreStdev":30.3818381,"utility":0.0129366761,"utilityLcb":1.5034097,"visits":2,"weight":2.0,"winrate":0.498267218},{"edgeVisits":2,"edgeWeight":2.0,"lcb":1.03203962,"move":"R16","order":1,"playSelectionValue":2.0,"prior":0.131175026,"pv":["R16","C16"],"scoreLead":0.307537995,"scoreMean":0.307537995,"scoreSelfplay":0.12962386,"scoreStdev":30.534707,"utility":0.018931373,"utilityLcb":1.51007172,"visits":2,"weight":2.0,"winrate":0.499489494},{"edgeVisits":2,"edgeWeight":2.0,"lcb":1.03348493,"move":"R4","order":2,"playSelectionValue":2.0,"prior":0.128759205,"pv":["R4","C16"],"scoreLead":0.471183956,"scoreMean":0.471183956,"scoreSelfplay":0.3829135,"scoreStdev":30.4177485,"utility":0.0214901391,"utilityLcb":1.51220289,"visits":2,"weight":2.0,"winrate":0.501087517},{"edgeVisits":2,"edgeWeight":2.0,"lcb":1.03351244,"move":"Q17","order":3,"playSelectionValue":2.0,"prior":0.11661426,"pv":["Q17","C16"],"scoreLead":0.36684447,"scoreMean":0.36684447,"scoreSelfplay":0.218702853,"scoreStdev":30.5416174,"utility":0.0217131617,"utilityLcb":1.51268571,"visits":2,"weight":2.0,"winrate":0.501022242},{"edgeVisits":1,"edgeWeight":1.0,"lcb":1.7259934,"move":"D17","order":4,"playSelectionValue":1.0,"prior":0.0949581265,"pv":["D17"],"scoreLead":0.326884687,"scoreMean":0.326884687,"scoreSelfplay":-0.265125334,"scoreStdev":30.2334185,"utility":-0.0495733061,"utilityLcb":3.45042671,"visits":1,"weight":1.0,"winrate":0.475993395}],"rootInfo":{"currentPlayer":"W","rawLead":-0.245449677,"rawNoResultProb":0.0,"rawScoreSelfplay":-0.0569531322,"rawScoreSelfplayStdev":31.2925851,"rawStScoreError":-1.0,"rawStWrError":-0.5,"rawVarTimeLeft":-1.0,"rawWinrate":0.511379123,"scoreLead":0.299181393,"scoreSelfplay":0.149035543,"scoreStdev":30.5295416,"symHash":"225996804284D28C9BE63B2B78A822B9","thisHash":"EA50B9D8410AA7865C1548D980C2DFE8","utility":0.0123196742,"visits":10,"weight":10.0,"winrate":0.498710546},"turnNumber":1}
: MoveNum: 0 HASH: 545A4B53BACA7FA667B92AA2D42F022D
   A B C D E F G H J K L M N
 7 . . . . . . . . . . . . .
 6 . . . . . . . . . . . . .
 5 . . . . . . . . . . . . .
 4 . . . . . . . . . . . . .
 3 . . . . . . . . . . . . .
 2 . . . . . . . . . . . . .
 1 . . . . . . . . . . . . .

koPOSITIONALscoreAREAtaxNONEsui1komi7.5
Root visits: 10
New playouts: 10
NN rows: 40
NN batches: 40
NN avg batch size: 1
PV: D4 K4 L4 L5
Tree:
: T  -9.40c W  -7.98c S  -1.35c ( -0.6 L  -0.4) N      10  --  D4 K4 L4 L5
---Black(^)---
D4  : T  -9.36c W  -8.76c S  -1.47c ( -0.6 L  -0.5) LCB  -32.53c P 41.85% WF   6.0 PSV       7 N       6  --  D4 K4 L4 L5
K4  : T -14.33c W -10.68c S  -1.70c ( -0.8 L  -0.6) LCB  -88.61c P 45.31% WF   3.0 PSV       3 N       3  --  K4 D4 C4

: Response: {"id":"rect","isDuringSearch":false,"moveInfos":[{"edgeVisits":6,"edgeWeight":6.0,"lcb":0.373441978,"move":"D4","order":0,"ownership":[0.26229,0.269107,0.255471,0.231827,0.19265,0.101354,0.039337,-0.03343,-0.088519,-0.126181,-0.114486,-0.064152,-0.006969,0.28562,0.277253,0.323011,0.260085,0.218286,0.113873,0.046847,-0.040783,-0.194089,-0.181642,-0.172031,-0.074092,-0.041152,0.270198,0.303218,0.279304,0.442774,0.317821,0.121933,0.095456,0.003388,-0.15092,-0.337868,-0.149556,-0.073308,-0.038966,0.228939,0.272413,0.510092,0.889999,0.32718,0.169373,0.106654,-0.016369,-0.20695,-0.800991,0.183328,-0.065597,-0.069521,0.250991,0.270594,0.326525,0.471017,0.33984,0.130744,0.09298,0.009187,-0.169595,-0.306414,-0.193385,-0.05944,-0.052629,0.260758,0.253008,0.292,0.275652,0.246289,0.099583,0.070838,-0.009212,-0.149843,-0.184006,-0.175268,-0.095652,-0.039649,0.227852,0.261063,0.234287,0.21361,0.188156,0.147724,0.056231,-0.014303,-0.07826,-0.093866,-0.087649,-0.088268,-0.044906],"playSelectionValue":6.97422676,"prior":0.418542415,"pv":["D4","K4","L4","L5"],"scoreLead":-0.488325815,"scoreMean":-0.488325815,"scoreSelfplay":-0.641680846,"scoreStdev":13.6397866,"utility":-0.0935767613,"utilityLcb":-0.325349858,"visits":6,"weight":6.0,"winrate":0.456218084},{"edgeVisits":3,"edgeWeight":3.0,"lcb":0.181310799,"move":"K4","order":1,"ownership":[0.027676,-0.004487,-0.11155,-0.115048,-0.07522,0.008691,0.091591,0.152569,0.235995,0.258318,0.243423,0.268171,0.23656,0.045747,-0.041818,-0.15399,-0.193543,-0.165258,-0.023509,0.071896,0.146519,0.267332,0.274954,0.292538,0.270341,0.265518,0.050676,-0.058202,-0.240765,-0.333088,-0.21554,-0.039985,0.070822,0.153822,0.281458,0.425543,0.258975,0.270937,0.209914,0.027013,-0.104,-0.049434,-0.758254,-0.262135,0.010868,0.163831,0.219312,0.373422,0.907494,0.454574,0.292608,0.220627,0.017927,-0.032554,-0.184785,-0.328328,-0.225884,-0.032275,0.055362,0.132172,0.33046,0.46895,0.292023,0.284822,0.209952,0.006363,-0.043873,-0.166418,-0.149597,-0.14244,-0.025291,0.046602,0.108352,0.254059,0.25807,0.318539,0.233292,0.220812,-0.01319,0.020022,-0.051238,-0.061644,-0.027883,0.018114,0.097111,0.172317,0.234439,0.255655,0.252402,0.248345,0.215613],"playSelectionValue":3.0,"prior":0.453148454,"pv":["K4","D4","C4"],"scoreLead":-0.639560486,"scoreMean":-0.639560486,"scoreSelfplay":-0.785719395,"scoreStdev":13.3737349,"utility":-0.143297517,"utilityLcb":-0.886114597,"visits":3,"weight":3.0,"winrate":0.446602613}],"ownership":[0.198316,0.194576,0.171891,0.147917,0.129692,0.078153,0.046901,0.004252,-0.019516,-0.041141,-0.032962,0.009722,0.05062,0.220173,0.190258,0.21123,0.158634,0.134343,0.084666,0.052514,0.003545,-0.083998,-0.074882,-0.058274,0.009178,0.027796,0.207518,0.215393,0.178322,0.279283,0.21333,0.091772,0.090382,0.044273,-0.031975,-0.142901,-0.034669,0.008247,0.021298,0.171019,0.182718,0.367575,0.518297,0.195238,0.127218,0.107751,0.033514,-0.067354,-0.392153,0.22191,0.00888,-0.004729,0.190737,0.197369,0.220557,0.291337,0.220228,0.095158,0.081967,0.040435,-0.041588,-0.123589,-0.072549,0.016615,0.006209,0.196106,0.168923,0.187276,0.177109,0.157683,0.070969,0.061782,0.016396,-0.057156,-0.08257,-0.063534,-0.02776,0.015734,0.172417,0.19275,0.165202,0.149347,0.13558,0.111996,0.058523,0.020402,-0.012173,-0.019141,-0.015426,-0.015662,0.014204],"rootInfo":{"currentPlayer":"B","rawLead":0.74334228,"rawNoResultProb":0.0,"rawScoreSelfplay":0.547683716,"rawScoreSelfplayStdev":15.0268426,"rawStScoreError":-1.0,"rawStWrError":-0.5,"rawVarTimeLeft":-1.0,"rawWinrate":0.523672521,"scoreLead":-0.410529407,"scoreSelfplay":-0.565955954,"scoreStdev":13.7115226,"symHash":"8BC74662B7D456891A877976DC0B2EB9","thisHash":"DE70617C4887C4CBA28CD3DD04E37C5B","utility":-0.0941439668,"visits":10,"weight":10.0,"winrate":0.460078886},"turnNumber":0}
: MoveNum: 0 HASH: 01ED6C4D4599EDE4DFB280090CC750CF
   A B C D E F G
13 . . . . . . .
12 . . . . . . .
11 . . . . . . .
10 . . . . . . .
 9 . . . . . . .
 8 . . . . . . .
 7 . . . . . . .
 6 . . . . . . .
 5 . . . . . . .
 4 . . . . . . .
 3 . . . . . . .
 2 . . . . . . .
 1 . . . . . . .

koPOSITIONALscoreAREAtaxNONEsui1komi7.5
Root visits: 10
New playouts: 10
NN rows: 50
NN batches: 50
NN avg batch size: 1
PV: D10 D4 D3 E3 C3
Tree:
: T  -7.70c W  -5.74c S  -1.29c ( -0.3 L  -0.2) N      10  --  D10 D4 D3 E3 C3
---Black(^)---
D10 : T  -8.28c W  -7.01c S  -1.34c ( -0.4 L  -0.4) LCB  -30.74c P 47.49% WF   6.0 PSV       7 N       6  --  D10 D4 D3 E3 C3
D4  : T -11.71c W  -7.56c S  -1.82c ( -0.7 L  -0.3) LCB  -86.48c P 39.04% WF   3.0 PSV       3 N       3  --  D4 D10 D11

: Response: {"id":"rect2","isDuringSearch":false,"moveInfos":[{"edgeVisits":6,"edgeWeight":6.0,"lcb":0.384762569,"move":"D10","order":0,"ownership":[0.254558,0.262717,0.258619,0.249878,0.25755,0.289572,0.242773,0.267903,0.248157,0.313575,0.267436,0.291886,0.27365,0.263376,0.262057,0.275028,0.263546,0.452463,0.264838,0.285836,0.21866,0.231972,0.274766,0.487341,0.890251,0.446697,0.283866,0.2017,0.190076,0.20151,0.305743,0.327677,0.30828,0.218134,0.162064,0.132749,0.123873,0.106095,0.161409,0.125649,0.112119,0.120872,0.034522,0.030939,0.032246,0.08509,0.022945,0.077075,0.03457,-0.021468,-0.024445,-0.052718,-0.065778,-0.046274,-0.023582,-0.068984,-0.062424,-0.108775,-0.151859,-0.273856,-0.219959,-0.202414,-0.141975,-0.046355,-0.086428,-0.268163,-0.807215,-0.439755,-0.287892,-0.222105,-0.033776,-0.033739,-0.002599,0.215328,-0.379434,-0.267025,-0.19635,0.020795,0.043284,0.027718,-0.032092,-0.154692,-0.195569,-0.178276,0.048028,0.084744,0.056312,-0.002681,-0.031543,-0.100525,-0.119465],"playSelectionValue":6.92221261,"prior":0.474901229,"pv":["D10","D4","D3","E3","C3"],"scoreLead":-0.39842208,"scoreMean":-0.39842208,"scoreSelfplay":-0.354289384,"scoreStdev":13.817946,"utility":-0.0828413488,"utilityLcb":-0.307366923,"visits":6,"weight":6.0,"winrate":0.464950274},{"edgeVisits":3,"edgeWeight":3.0,"lcb":0.195146139,"move":"D4","order":1,"ownership":[0.020972,0.068645,0.00234,0.003896,-0.011126,0.030671,0.009459,0.011246,0.020498,-0.020994,-0.0512,-0.047159,-0.040393,0.011373,-0.033733,-0.137497,-0.137877,-0.011161,-0.156268,-0.117244,-0.058203,-0.030132,-0.141318,-0.269769,-0.732172,-0.312108,-0.146548,-0.07846,-0.033312,-0.118578,-0.186331,-0.201088,-0.194158,-0.147868,-0.02644,0.000942,-0.031811,-0.036744,-0.043404,-0.039037,-0.051485,0.024917,0.066881,0.063331,0.104812,0.132195,0.079068,0.012579,0.102852,0.152911,0.120425,0.172176,0.159848,0.125691,0.1246,0.168133,0.227536,0.254013,0.290168,0.340536,0.311908,0.244604,0.219194,0.258378,0.276764,0.482244,0.899662,0.437521,0.288374,0.236007,0.259295,0.267175,0.293863,0.486235,0.299379,0.303688,0.231726,0.228208,0.226372,0.260195,0.256787,0.306149,0.234469,0.224532,0.228643,0.251413,0.227101,0.213836,0.219161,0.241848,0.210997],"playSelectionValue":3.0,"prior":0.39042151,"pv":["D4","D10","D11"],"scoreLead":-0.289956162,"scoreMean":-0.289956162,"scoreSelfplay":-0.664230506,"scoreStdev":13.4366024,"utility":-0.117066669,"utilityLcb":-0.864805134,"visits":3,"weight":3.0,"winrate":0.46219559}],"ownership":[0.192485,0.207262,0.200095,0.185486,0.199393,0.227219,0.191528,0.20303,0.18105,0.231611,0.189709,0.219814,0.204606,0.200577,0.18586,0.179941,0.188061,0.338438,0.186154,0.194255,0.158589,0.165427,0.178853,0.32107,0.530886,0.281438,0.18669,0.139694,0.136627,0.129256,0.206574,0.212418,0.2057,0.141345,0.118643,0.10123,0.086432,0.080157,0.114464,0.091438,0.078986,0.095291,0.042087,0.035328,0.047378,0.087626,0.035063,0.064715,0.044795,0.017495,0.007142,0.003855,-0.012831,-0.001583,0.013157,-0.017873,0.002106,-0.028121,-0.036622,-0.126966,-0.082495,-0.094746,-0.058223,0.017883,-0.007921,-0.08836,-0.40632,-0.224868,-0.152817,-0.11315,0.029401,0.031491,0.070369,0.24454,-0.207505,-0.134379,-0.096503,0.064793,0.067147,0.073972,0.023565,-0.049161,-0.098856,-0.087437,0.087851,0.107153,0.08759,0.040939,0.022508,-0.020527,-0.038455],"rootInfo":{"currentPlayer":"B","rawLead":0.944224119,"rawNoResultProb":0.0,"rawScoreSelfplay":0.859573603,"rawScoreSelfplayStdev":15.1154385,"rawStScoreError":-1.0,"rawStWrError":-0.5,"rawVarTimeLeft":-1.0,"rawWinrate":0.536741912,"scoreLead":-0.231617685,"scoreSelfplay":-0.325885422,"scoreStdev":13.8472766,"symHash":"8BC74662B7D456891A877976DC0B2EB9","thisHash":"8BC74662B7D456891A877976DC0B2EB9","utility":-0.0770746568,"visits":10,"weight":10.0,"winrate":0.471303033},"turnNumber":0}
: MoveNum: 0 HASH: 01ED6C4D4599EDE4DFB280090CC750CF
   A B C D E F G
13 . . . . . . .
12 . . . . . . .
11 . . . . . . .
10 . . . . . . .
 9 . . . . . . .
 8 . . . . . . .
 7 . . . . . . .
 6 . . . . . . .
 5 . . . . . . .
 4 . . . . . . .
 3 . . . . . . .
 2 . . . . . . .
 1 . . . . . . .

koPOSITIONALscoreAREAtaxNONEsui1komi7.5
Root visits: 20
New playouts: 20
NN rows: 60
NN batches: 60
NN avg batch size: 1
PV: D10 D4 D3 E3 C3 E4 B5
Tree:
: T  -3.69c W  -3.61c S  -0.97c ( -0.1 L  -0.0) N      20  --  D10 D4 D3 E3 C3 E4 B5
---Black(^)---
D10 : T  -0.81c W  -2.46c S  -0.75c ( +0.1 L  +0.0) LCB  -14.91c P 47.49% WF  12.2 PSV      12 N      12  --  D10 D4 D3 E3 C3 E4 B5
D4  : T -10.50c W  -7.25c S  -1.58c ( -0.5 L  -0.2) LCB  -30.38c P 39.04% WF   6.8 PSV       4 N       7  --  D4 D10 D11 C11 E11

: Response: {"id":"rect3","isDuringSearch":false,"moveInfos":[{"edgeVisits":12,"edgeWeight":12.0,"lcb":0.437325526,"move":"D10","order":0,"ownership":[0.23016,0.241753,0.234586,0.231297,0.242228,0.281703,0.233868,0.262811,0.206466,0.290698,0.211879,0.262427,0.237604,0.243067,0.24551,0.248131,0.23362,0.418458,0.254209,0.261863,0.205301,0.207092,0.260457,0.482831,0.88733,0.439882,0.27302,0.180585,0.177813,0.194441,0.330128,0.333854,0.321067,0.21714,0.149287,0.135074,0.128061,0.107289,0.154517,0.103745,0.090358,0.093428,0.053086,0.05577,0.058662,0.046253,0.009642,0.040861,-0.013269,0.027339,0.070356,-0.046413,-0.090974,-0.069469,-0.052383,-0.117904,0.008456,0.037312,-0.094485,-0.245886,-0.214696,-0.199212,-0.194149,0.013638,0.002725,-0.263316,-0.793398,-0.507129,-0.288945,-0.239955,0.013527,0.025217,-0.025141,0.375474,-0.306175,-0.279711,-0.212612,0.036376,0.043243,0.054262,-0.016499,-0.096556,-0.206718,-0.191185,0.037595,0.073556,0.061929,0.03686,-0.019841,-0.11024,-0.155738],"playSelectionValue":12.0,"prior":0.474901229,"pv":["D10","D4","D3","E3","C3","E4","B5"],"scoreLead":0.0205993431,"scoreMean":0.0205993431,"scoreSelfplay":0.0536737327,"scoreStdev":13.7911869,"utility":-0.00808980989,"utilityLcb":-0.149113941,"visits":12,"weight":12.0,"winrate":0.487691287},{"edgeVisits":7,"edgeWeight":7.0,"lcb":0.392732046,"move":"D4","order":1,"ownership":[-0.083625,-0.058483,-0.080853,-0.021157,0.019518,0.061509,0.069326,-0.167587,-0.155356,-0.126568,-0.060231,0.078914,0.043035,0.046076,-0.205162,-0.273423,-0.375292,0.286772,0.001974,-0.035203,0.008566,-0.183776,-0.264629,-0.396053,-0.797876,-0.309433,-0.084633,-0.032325,-0.136457,-0.191607,-0.209305,-0.242949,-0.186471,-0.111553,-0.005179,-0.060757,-0.067684,-0.032388,-0.064592,-0.026851,-0.013808,0.004063,0.024024,0.051477,0.095898,0.094245,0.075127,0.025981,0.08838,0.125805,0.114418,0.15655,0.164834,0.1196,0.128008,0.150114,0.198787,0.234918,0.304651,0.34832,0.324901,0.231159,0.20807,0.244427,0.276118,0.483835,0.880195,0.445797,0.288276,0.233105,0.26011,0.270868,0.304839,0.465175,0.309193,0.30355,0.231351,0.242398,0.234101,0.262885,0.252282,0.298911,0.23955,0.220759,0.231146,0.261302,0.226921,0.200096,0.234185,0.275027,0.234134],"playSelectionValue":4.0,"prior":0.39042151,"pv":["D4","D10","D11","C11","E11"],"scoreLead":-0.226692699,"scoreMean":-0.226692699,"scoreSelfplay":-0.503180205,"scoreStdev":13.4874661,"utility":-0.10503811,"utilityLcb":-0.3038245,"visits":7,"weight":7.0,"winrate":0.463727185}],"ownership":[0.145684,0.160125,0.153509,0.161279,0.184381,0.221112,0.190003,0.149919,0.108218,0.18033,0.13884,0.214116,0.18622,0.18785,0.126162,0.113265,0.086638,0.373111,0.192461,0.181899,0.1534,0.104378,0.124017,0.256081,0.447354,0.245157,0.177449,0.1245,0.096007,0.094364,0.193503,0.184385,0.191943,0.132457,0.107925,0.083828,0.07593,0.073428,0.096975,0.071058,0.064479,0.069091,0.046018,0.052772,0.067357,0.056798,0.027109,0.038707,0.012607,0.052435,0.078998,0.010271,-0.021848,-0.015838,-0.002401,-0.046599,0.056987,0.085345,0.016751,-0.085817,-0.063949,-0.081967,-0.085158,0.070996,0.070774,-0.060987,-0.343604,-0.245434,-0.133998,-0.111717,0.075847,0.087051,0.065377,0.379326,-0.136545,-0.12344,-0.093322,0.088619,0.084732,0.105457,0.049379,0.00721,-0.088871,-0.082015,0.088456,0.115602,0.101711,0.076577,0.045305,-0.007646,-0.049127],"rootInfo":{"currentPlayer":"B","rawLead":0.944224119,"rawNoResultProb":0.0,"rawScoreSelfplay":0.859573603,"rawScoreSelfplayStdev":15.1154385,"rawStScoreError":-1.0,"rawStWrError":-0.5,"rawVarTimeLeft":-1.0,"rawWinrate":0.536741912,"scoreLead":0.0167438494,"scoreSelfplay":-0.0299448485,"scoreStdev":13.8059162,"symHash":"8BC74662B7D456891A877976DC0B2EB9","thisHash":"8BC74662B7D456891A877976DC0B2EB9","utility":-0.0258663898,"visits":20,"weight":20.0,"winrate":0.484938006},"turnNumber":0}
: MoveNum: 0 HASH: 01ED6C4D4599EDE4DFB280090CC750CF
   A B C D E F G
13 . . . . . . .
12 . . . . . . .
11 . . . . . . .
10 . . . . . . .
 9 . . . . . . .
 8 . . . . . . .
 7 . . . . . . .
 6 . . . . . . .
 5 . . . . . . .
 4 . . . . . . .
 3 . . . . . . .
 2 . . . . . . .
 1 . . . . . . .

koPOSITIONALscoreAREAtaxNONEsui1komi7.5
Root visits: 20
New playouts: 20
NN rows: 61
NN batches: 61
NN avg batch size: 1
PV: D10 D4 D3 E3 C3 E4 B5
Tree:
: T  -3.04c W  -3.85c S  -0.99c ( -0.1 L  -0.0) N      20  --  D10 D4 D3 E3 C3 E4 B5
---Black(^)---
D10 : T  -2.69c W  -3.87c S  -0.96c ( -0.1 L  -0.1) LCB  -18.45c P 47.49% WF  13.0 PSV      13 N      13  --  D10 D4 D3 E3 C3 E4 B5
D4  : T  -5.62c W  -5.69c S  -1.30c ( -0.3 L  -0.1) LCB  -31.73c P 39.04% WF   6.0 PSV       6 N       6  --  D4 D10 D11 E11

: Response: {"id":"rect4","isDuringSearch":false,"moveInfos":[{"edgeVisits":13,"edgeWeight":13.0,"lcb":0.42434337,"move":"D10","order":0,"ownershipStdev":[0.06083,0.041107,0.045968,0.044428,0.051192,0.066297,0.032955,0.037212,0.065523,0.045969,0.091325,0.062715,0.070044,0.041203,0.035351,0.054052,0.106803,0.115727,0.04985,0.046803,0.044229,0.046517,0.028924,0.022229,0.024149,0.024253,0.031335,0.045812,0.049671,0.030222,0.075131,0.033182,0.080875,0.025431,0.036452,0.075852,0.055208,0.058051,0.070011,0.074413,0.051207,0.055181,0.121383,0.081915,0.070079,0.128375,0.084254,0.082567,0.103461,0.204758,0.218884,0.079053,0.076859,0.089695,0.162537,0.160618,0.29888,0.384778,0.21714,0.090489,0.188781,0.200411,0.210034,0.365953,0.397496,0.244292,0.138551,0.267573,0.323561,0.283785,0.388223,0.419101,0.588296,0.308904,0.535561,0.381008,0.330322,0.387262,0.386476,0.393039,0.19431,0.291393,0.361383,0.333562,0.321233,0.362526,0.25126,0.172204,0.173338,0.313201,0.300767],"playSelectionValue":13.0,"prior":0.474901229,"pv":["D10","D4","D3","E3","C3","E4","B5"],"scoreLead":-0.078334462,"scoreMean":-0.078334462,"scoreSelfplay":-0.0915921012,"scoreStdev":13.7440304,"utility":-0.0268819151,"utilityLcb":-0.184549622,"visits":13,"weight":13.0,"winrate":0.480653266},{"edgeVisits":6,"edgeWeight":6.0,"lcb":0.378337805,"move":"D4","order":1,"ownershipStdev":[0.112823,0.163756,0.148027,0.14914,0.128531,0.160774,0.113027,0.203121,0.217984,0.185691,0.101785,0.212282,0.199119,0.168747,0.155428,0.143444,0.348484,0.438149,0.322121,0.159975,0.14227,0.1567,0.165009,0.103174,0.204057,0.11793,0.1194,0.13573,0.105932,0.076891,0.083872,0.242363,0.080825,0.061301,0.083397,0.108792,0.043013,0.088375,0.094163,0.083359,0.050824,0.081599,0.092025,0.050964,0.049672,0.090825,0.055876,0.050887,0.065142,0.066857,0.037487,0.065658,0.045295,0.051523,0.040858,0.054824,0.069456,0.043612,0.073418,0.029025,0.046428,0.040357,0.051158,0.060732,0.02667,0.016978,0.027185,0.034638,0.042651,0.067988,0.004847,0.010719,0.050338,0.028656,0.022803,0.027492,0.018261,0.058904,0.015519,0.013038,0.032245,0.031395,0.014677,0.030017,0.057893,0.04016,0.010995,0.020462,0.029688,0.121401,0.070152],"playSelectionValue":6.0,"prior":0.39042151,"pv":["D4","D10","D11","E11"],"scoreLead":-0.0837293936,"scoreMean":-0.0837293936,"scoreSelfplay":-0.316974916,"scoreStdev":13.4473596,"utility":-0.0562283636,"utilityLcb":-0.317266869,"visits":6,"weight":6.0,"winrate":0.471565843}],"ownershipStdev":[0.119308,0.123372,0.138856,0.144675,0.126758,0.148992,0.106844,0.159901,0.144551,0.152311,0.13507,0.153386,0.1511,0.136804,0.156982,0.173847,0.235474,0.224591,0.215318,0.163764,0.124317,0.142075,0.18033,0.302762,0.639997,0.295408,0.16923,0.124818,0.118039,0.129372,0.1929,0.230209,0.209607,0.141302,0.086842,0.105819,0.08362,0.077594,0.100185,0.086464,0.069676,0.074028,0.11433,0.076091,0.067038,0.120913,0.081888,0.077283,0.099755,0.186151,0.195027,0.109621,0.11875,0.111545,0.158848,0.173043,0.274099,0.348478,0.253087,0.236799,0.272132,0.242288,0.23889,0.334513,0.366396,0.358217,0.648304,0.435647,0.359646,0.306498,0.355662,0.382145,0.537511,0.287765,0.531397,0.402582,0.336672,0.353298,0.350572,0.356855,0.199118,0.297798,0.362278,0.333155,0.295946,0.330294,0.230708,0.16414,0.182137,0.321998,0.308169],"rootInfo":{"currentPlayer":"B","rawLead":0.944224119,"rawNoResultProb":0.0,"rawScoreSelfplay":0.859573603,"rawScoreSelfplayStdev":15.1154385,"rawStScoreError":-1.0,"rawStWrError":-0.5,"rawVarTimeLeft":-1.0,"rawWinrate":0.536741912,"scoreLead":-0.0288250124,"scoreSelfplay":-0.11164866,"scoreStdev":13.7301596,"symHash":"8BC74662B7D456891A877976DC0B2EB9","thisHash":"8BC74662B7D456891A877976DC0B2EB9","utility":-0.0304666773,"visits":20,"weight":20.0,"winrate":0.480731471},"turnNumber":0}
: tests/models/g170-b6c96-s175395328-d26788732.bin.gz
: NN rows: 61
: NN batches: 61
: NN avg batch size: 1
: GPU -1 finishing, processed 61 rows 61 batches
: All cleaned up, quitting
